Archive member included to satisfy reference by file (symbol)

E:/ST/STM32CubeIDE_1.16.0/STM32CubeIDE/plugins/com.st.stm32cube.ide.mcu.externaltools.gnu-tools-for-stm32.12.3.rel1.win32_1.0.200.202406191623/tools/bin/../lib/gcc/arm-none-eabi/12.3.1/../../../../arm-none-eabi/lib/thumb/v7-m/nofp\libc_nano.a(libc_a-exit.o)
                              E:/ST/STM32CubeIDE_1.16.0/STM32CubeIDE/plugins/com.st.stm32cube.ide.mcu.externaltools.gnu-tools-for-stm32.12.3.rel1.win32_1.0.200.202406191623/tools/bin/../lib/gcc/arm-none-eabi/12.3.1/../../../../arm-none-eabi/lib/thumb/v7-m/nofp/crt0.o (exit)
E:/ST/STM32CubeIDE_1.16.0/STM32CubeIDE/plugins/com.st.stm32cube.ide.mcu.externaltools.gnu-tools-for-stm32.12.3.rel1.win32_1.0.200.202406191623/tools/bin/../lib/gcc/arm-none-eabi/12.3.1/../../../../arm-none-eabi/lib/thumb/v7-m/nofp\libc_nano.a(libc_a-findfp.o)
                              E:/ST/STM32CubeIDE_1.16.0/STM32CubeIDE/plugins/com.st.stm32cube.ide.mcu.externaltools.gnu-tools-for-stm32.12.3.rel1.win32_1.0.200.202406191623/tools/bin/../lib/gcc/arm-none-eabi/12.3.1/../../../../arm-none-eabi/lib/thumb/v7-m/nofp\libc_nano.a(libc_a-exit.o) (__stdio_exit_handler)
E:/ST/STM32CubeIDE_1.16.0/STM32CubeIDE/plugins/com.st.stm32cube.ide.mcu.externaltools.gnu-tools-for-stm32.12.3.rel1.win32_1.0.200.202406191623/tools/bin/../lib/gcc/arm-none-eabi/12.3.1/../../../../arm-none-eabi/lib/thumb/v7-m/nofp\libc_nano.a(libc_a-fwalk.o)
                              E:/ST/STM32CubeIDE_1.16.0/STM32CubeIDE/plugins/com.st.stm32cube.ide.mcu.externaltools.gnu-tools-for-stm32.12.3.rel1.win32_1.0.200.202406191623/tools/bin/../lib/gcc/arm-none-eabi/12.3.1/../../../../arm-none-eabi/lib/thumb/v7-m/nofp\libc_nano.a(libc_a-findfp.o) (_fwalk_sglue)
E:/ST/STM32CubeIDE_1.16.0/STM32CubeIDE/plugins/com.st.stm32cube.ide.mcu.externaltools.gnu-tools-for-stm32.12.3.rel1.win32_1.0.200.202406191623/tools/bin/../lib/gcc/arm-none-eabi/12.3.1/../../../../arm-none-eabi/lib/thumb/v7-m/nofp\libc_nano.a(libc_a-sprintf.o)
                              ./Core/Src/fsm_automatic.o (sprintf)
E:/ST/STM32CubeIDE_1.16.0/STM32CubeIDE/plugins/com.st.stm32cube.ide.mcu.externaltools.gnu-tools-for-stm32.12.3.rel1.win32_1.0.200.202406191623/tools/bin/../lib/gcc/arm-none-eabi/12.3.1/../../../../arm-none-eabi/lib/thumb/v7-m/nofp\libc_nano.a(libc_a-stdio.o)
                              E:/ST/STM32CubeIDE_1.16.0/STM32CubeIDE/plugins/com.st.stm32cube.ide.mcu.externaltools.gnu-tools-for-stm32.12.3.rel1.win32_1.0.200.202406191623/tools/bin/../lib/gcc/arm-none-eabi/12.3.1/../../../../arm-none-eabi/lib/thumb/v7-m/nofp\libc_nano.a(libc_a-findfp.o) (__sread)
E:/ST/STM32CubeIDE_1.16.0/STM32CubeIDE/plugins/com.st.stm32cube.ide.mcu.externaltools.gnu-tools-for-stm32.12.3.rel1.win32_1.0.200.202406191623/tools/bin/../lib/gcc/arm-none-eabi/12.3.1/../../../../arm-none-eabi/lib/thumb/v7-m/nofp\libc_nano.a(libc_a-memset.o)
                              E:/ST/STM32CubeIDE_1.16.0/STM32CubeIDE/plugins/com.st.stm32cube.ide.mcu.externaltools.gnu-tools-for-stm32.12.3.rel1.win32_1.0.200.202406191623/tools/bin/../lib/gcc/arm-none-eabi/12.3.1/../../../../arm-none-eabi/lib/thumb/v7-m/nofp/crt0.o (memset)
E:/ST/STM32CubeIDE_1.16.0/STM32CubeIDE/plugins/com.st.stm32cube.ide.mcu.externaltools.gnu-tools-for-stm32.12.3.rel1.win32_1.0.200.202406191623/tools/bin/../lib/gcc/arm-none-eabi/12.3.1/../../../../arm-none-eabi/lib/thumb/v7-m/nofp\libc_nano.a(libc_a-strcat.o)
                              ./Core/Src/fsm_automatic.o (strcat)
E:/ST/STM32CubeIDE_1.16.0/STM32CubeIDE/plugins/com.st.stm32cube.ide.mcu.externaltools.gnu-tools-for-stm32.12.3.rel1.win32_1.0.200.202406191623/tools/bin/../lib/gcc/arm-none-eabi/12.3.1/../../../../arm-none-eabi/lib/thumb/v7-m/nofp\libc_nano.a(libc_a-closer.o)
                              E:/ST/STM32CubeIDE_1.16.0/STM32CubeIDE/plugins/com.st.stm32cube.ide.mcu.externaltools.gnu-tools-for-stm32.12.3.rel1.win32_1.0.200.202406191623/tools/bin/../lib/gcc/arm-none-eabi/12.3.1/../../../../arm-none-eabi/lib/thumb/v7-m/nofp\libc_nano.a(libc_a-stdio.o) (_close_r)
E:/ST/STM32CubeIDE_1.16.0/STM32CubeIDE/plugins/com.st.stm32cube.ide.mcu.externaltools.gnu-tools-for-stm32.12.3.rel1.win32_1.0.200.202406191623/tools/bin/../lib/gcc/arm-none-eabi/12.3.1/../../../../arm-none-eabi/lib/thumb/v7-m/nofp\libc_nano.a(libc_a-reent.o)
                              E:/ST/STM32CubeIDE_1.16.0/STM32CubeIDE/plugins/com.st.stm32cube.ide.mcu.externaltools.gnu-tools-for-stm32.12.3.rel1.win32_1.0.200.202406191623/tools/bin/../lib/gcc/arm-none-eabi/12.3.1/../../../../arm-none-eabi/lib/thumb/v7-m/nofp\libc_nano.a(libc_a-closer.o) (errno)
E:/ST/STM32CubeIDE_1.16.0/STM32CubeIDE/plugins/com.st.stm32cube.ide.mcu.externaltools.gnu-tools-for-stm32.12.3.rel1.win32_1.0.200.202406191623/tools/bin/../lib/gcc/arm-none-eabi/12.3.1/../../../../arm-none-eabi/lib/thumb/v7-m/nofp\libc_nano.a(libc_a-impure.o)
[...]
Memory Configuration

Name             Origin             Length             Attributes
RAM              0x20000000         0x00005000         xrw
FLASH            0x08000000         0x00020000         xr
*default*        0x00000000         0xffffffff

Linker script and memory map

LOAD E:/ST/STM32CubeIDE_1.16.0/STM32CubeIDE/plugins/com.st.stm32cube.ide.mcu.externaltools.gnu-tools-for-stm32.12.3.rel1.win32_1.0.200.202406191623/tools/bin/../lib/gcc/arm-none-eabi/12.3.1/thumb/v7-m/nofp/crti.o
LOAD E:/ST/STM32CubeIDE_1.16.0/STM32CubeIDE/plugins/com.st.stm32cube.ide.mcu.externaltools.gnu-tools-for-stm32.12.3.rel1.win32_1.0.200.202406191623/tools/bin/../lib/gcc/arm-none-eabi/12.3.1/thumb/v7-m/nofp/crtbegin.o
LOAD E:/ST/STM32CubeIDE_1.16.0/STM32CubeIDE/plugins/com.st.stm32cube.ide.mcu.externaltools.gnu-tools-for-stm32.12.3.rel1.win32_1.0.200.202406191623/tools/bin/../lib/gcc/arm-none-eabi/12.3.1/../../../../arm-none-eabi/lib/thumb/v7-m/nofp/crt0.o
LOAD ./Core/Src/button.o
LOAD ./Core/Src/fsm_automatic.o
LOAD ./Core/Src/fsm_manual.o
LOAD ./Core/Src/fsm_setting.o
LOAD ./Core/Src/global.o
LOAD ./Core/Src/i2c-lcd.o
LOAD ./Core/Src/main.o
LOAD ./Core/Src/scheduler.o
LOAD ./Core/Src/stm32f1xx_hal_msp.o
LOAD ./Core/Src/stm32f1xx_it.o
LOAD ./Core/Src/syscalls.o
LOAD ./Core/Src/sysmem.o
LOAD ./Core/Src/system_stm32f1xx.o
LOAD ./Core/Startup/startup_stm32f103rbtx.o
LOAD ./Drivers/STM32F1xx_HAL_Driver/Src/stm32f1xx_hal.o
LOAD ./Drivers/STM32F1xx_HAL_Driver/Src/stm32f1xx_hal_cortex.o
LOAD ./Drivers/STM32F1xx_HAL_Driver/Src/stm32f1xx_hal_dma.o
LOAD ./Drivers/STM32F1xx_HAL_Driver/Src/stm32f1xx_hal_exti.o
LOAD ./Drivers/STM32F1xx_HAL_Driver/Src/stm32f1xx_hal_flash.o
LOAD ./Drivers/STM32F1xx_HAL_Driver/Src/stm32f1xx_hal_flash_ex.o
LOAD ./Drivers/STM32F1xx_HAL_Driver/Src/stm32f1xx_hal_gpio.o
LOAD ./Drivers/STM32F1xx_HAL_Driver/Src/stm32f1xx_hal_gpio_ex.o
LOAD ./Drivers/STM32F1xx_HAL_Driver/Src/stm32f1xx_hal_i2c.o
LOAD ./Drivers/STM32F1xx_HAL_Driver/Src/stm32f1xx_hal_pwr.o
LOAD ./Drivers/STM32F1xx_HAL_Driver/Src/stm32f1xx_hal_rcc.o
LOAD ./Drivers/STM32F1xx_HAL_Driver/Src/stm32f1xx_hal_rcc_ex.o
LOAD ./Drivers/STM32F1xx_HAL_Driver/Src/stm32f1xx_hal_tim.o
LOAD ./Drivers/STM32F1xx_HAL_Driver/Src/stm32f1xx_hal_tim_ex.o
LOAD ./Drivers/STM32F1xx_HAL_Driver/Src/stm32f1xx_hal_uart.o
START GROUP
LOAD E:/ST/STM32CubeIDE_1.16.0/STM32CubeIDE/plugins/com.st.stm32cube.ide.mcu.externaltools.gnu-tools-for-stm32.12.3.rel1.win32_1.0.200.202406191623/tools/bin/../lib/gcc/arm-none-eabi/12.3.1/../../../../arm-none-eabi/lib/thumb/v7-m/nofp\libc_nano.a
LOAD E:/ST/STM32CubeIDE_1.16.0/STM32CubeIDE/plugins/com.st.stm32cube.ide.mcu.externaltools.gnu-tools-for-stm32.12.3.rel1.win32_1.0.200.202406191623/tools/bin/../lib/gcc/arm-none-eabi/12.3.1/../../../../arm-none-eabi/lib/thumb/v7-m/nofp\libm.a
END GROUP
START GROUP
LOAD E:/ST/STM32CubeIDE_1.16.0/STM32CubeIDE/plugins/com.st.stm32cube.ide.mcu.externaltools.gnu-tools-for-stm32.12.3.rel1.win32_1.0.200.202406191623/tools/bin/../lib/gcc/arm-none-eabi/12.3.1/thumb/v7-m/nofp\libgcc.a
LOAD E:/ST/STM32CubeIDE_1.16.0/STM32CubeIDE/plugins/com.st.stm32cube.ide.mcu.externaltools.gnu-tools-for-stm32.12.3.rel1.win32_1.0.200.202406191623/tools/bin/../lib/gcc/arm-none-eabi/12.3.1/../../../../arm-none-eabi/lib/thumb/v7-m/nofp\libc_nano.a
END GROUP
START GROUP
LOAD E:/ST/STM32CubeIDE_1.16.0/STM32CubeIDE/plugins/com.st.stm32cube.ide.mcu.externaltools.gnu-tools-for-stm32.12.3.rel1.win32_1.0.200.202406191623/tools/bin/../lib/gcc/arm-none-eabi/12.3.1/thumb/v7-m/nofp\libgcc.a
LOAD E:/ST/STM32CubeIDE_1.16.0/STM32CubeIDE/plugins/com.st.stm32cube.ide.mcu.externaltools.gnu-tools-for-stm32.12.3.rel1.win32_1.0.200.202406191623/tools/bin/../lib/gcc/arm-none-eabi/12.3.1/../../../../arm-none-eabi/lib/thumb/v7-m/nofp\libc_nano.a
LOAD E:/ST/STM32CubeIDE_1.16.0/STM32CubeIDE/plugins/com.st.stm32cube.ide.mcu.externaltools.gnu-tools-for-stm32.12.3.rel1.win32_1.0.200.202406191623/tools/bin/../lib/gcc/arm-none-eabi/12.3.1/../../../../arm-none-eabi/lib/thumb/v7-m/nofp\libnosys.a
END GROUP
START GROUP
LOAD E:/ST/STM32CubeIDE_1.16.0/STM32CubeIDE/plugins/com.st.stm32cube.ide.mcu.externaltools.gnu-tools-for-stm32.12.3.rel1.win32_1.0.200.202406191623/tools/bin/../lib/gcc/arm-none-eabi/12.3.1/thumb/v7-m/nofp\libgcc.a
LOAD E:/ST/STM32CubeIDE_1.16.0/STM32CubeIDE/plugins/com.st.stm32cube.ide.mcu.externaltools.gnu-tools-for-stm32.12.3.rel1.win32_1.0.200.202406191623/tools/bin/../lib/gcc/arm-none-eabi/12.3.1/../../../../arm-none-eabi/lib/thumb/v7-m/nofp\libc_nano.a
LOAD E:/ST/STM32CubeIDE_1.16.0/STM32CubeIDE/plugins/com.st.stm32cube.ide.mcu.externaltools.gnu-tools-for-stm32.12.3.rel1.win32_1.0.200.202406191623/tools/bin/../lib/gcc/arm-none-eabi/12.3.1/../../../../arm-none-eabi/lib/thumb/v7-m/nofp\libnosys.a
END GROUP
LOAD E:/ST/STM32CubeIDE_1.16.0/STM32CubeIDE/plugins/com.st.stm32cube.ide.mcu.externaltools.gnu-tools-for-stm32.12.3.rel1.win32_1.0.200.202406191623/tools/bin/../lib/gcc/arm-none-eabi/12.3.1/thumb/v7-m/nofp/crtend.o
LOAD E:/ST/STM32CubeIDE_1.16.0/STM32CubeIDE/plugins/com.st.stm32cube.ide.mcu.externaltools.gnu-tools-for-stm32.12.3.rel1.win32_1.0.200.202406191623/tools/bin/../lib/gcc/arm-none-eabi/12.3.1/thumb/v7-m/nofp/crtn.o
                0x20005000                        _estack = (ORIGIN (RAM) + LENGTH (RAM))
                0x00000200                        _Min_Heap_Size = 0x200
                0x00000400                        _Min_Stack_Size = 0x400

.isr_vector     0x08000000      0x10c
                0x08000000                        . = ALIGN (0x4)
 *(.isr_vector)
 .isr_vector    0x08000000      0x10c ./Core/Startup/startup_stm32f103rbtx.o
                0x08000000                g_pfnVectors
                0x0800010c                        . = ALIGN (0x4)

.text           0x0800010c     0x5284
                0x0800010c                        . = ALIGN (0x4)
 *(.text)
 .text          0x0800010c       0x40 E:/ST/STM32CubeIDE_1.16.0/STM32CubeIDE/plugins/com.st.stm32cube.ide.mcu.externaltools.gnu-tools-for-stm32.12.3.rel1.win32_1.0.200.202406191623/tools/bin/../lib/gcc/arm-none-eabi/12.3.1/thumb/v7-m/nofp/crtbegin.o
 .text          0x0800014c       0x14 E:/ST/STM32CubeIDE_1.16.0/STM32CubeIDE/plugins/com.st.stm32cube.ide.mcu.externaltools.gnu-tools-for-stm32.12.3.rel1.win32_1.0.200.202406191623/tools/bin/../lib/gcc/arm-none-eabi/12.3.1/../../../../arm-none-eabi/lib/thumb/v7-m/nofp\libc_nano.a(libc_a-strcmp.o)
                0x0800014c                strcmp
 .text          0x08000160       0x10 E:/ST/STM32CubeIDE_1.16.0/STM32CubeIDE/plugins/com.st.stm32cube.ide.mcu.externaltools.gnu-tools-for-stm32.12.3.rel1.win32_1.0.200.202406191623/tools/bin/../lib/gcc/arm-none-eabi/12.3.1/../../../../arm-none-eabi/lib/thumb/v7-m/nofp\libc_nano.a(libc_a-strlen.o)
                0x08000160                strlen
 *(.text*)
 .text.isButtonPressed
                0x08000170       0x34 ./Core/Src/button.o
                0x08000170                isButtonPressed
 .text.isButtonLongPressed
                0x080001a4       0x34 ./Core/Src/button.o
                0x080001a4                isButtonLongPressed
 .text.getKeyInput
                0x080001d8      0x138 ./Core/Src/button.o
                0x080001d8                getKeyInput
 .text.run_automatic
                0x08000310      0x3c8 ./Core/Src/fsm_automatic.o
                0x08000310                run_automatic
 .text.run_manual
                0x080006d8      0x2e8 ./Core/Src/fsm_manual.o
                0x080006d8                run_manual
 .text.run_setting
                0x080009c0      0x3ec ./Core/Src/fsm_setting.o
                0x080009c0                run_setting
 .text.ResetLight1
                0x08000dac       0x20 ./Core/Src/global.o
                0x08000dac                ResetLight1
 .text.ResetLight2
                0x08000dcc       0x24 ./Core/Src/global.o
                0x08000dcc                ResetLight2
 .text.RedLight1
                0x08000df0       0x20 ./Core/Src/global.o
                0x08000df0                RedLight1
 .text.YellowLight1
                0x08000e10       0x20 ./Core/Src/global.o
                0x08000e10                YellowLight1
 .text.GreenLight1
                0x08000e30       0x20 ./Core/Src/global.o
                0x08000e30                GreenLight1
 .text.RedLight2
                0x08000e50       0x24 ./Core/Src/global.o
                0x08000e50                RedLight2
 .text.YellowLight2
                0x08000e74       0x24 ./Core/Src/global.o
                0x08000e74                YellowLight2
 .text.GreenLight2
                0x08000e98       0x24 ./Core/Src/global.o
                0x08000e98                GreenLight2
 .text.BlinkLed
                0x08000ebc       0x14 ./Core/Src/global.o
                0x08000ebc                BlinkLed
 .text.Run_Traffic_Light
                0x08000ed0       0x14 ./Core/Src/global.o
                0x08000ed0                Run_Traffic_Light
 .text.lcd_send_cmd
                0x08000ee4       0x60 ./Core/Src/i2c-lcd.o
                0x08000ee4                lcd_send_cmd
 .text.lcd_send_data
                0x08000f44       0x60 ./Core/Src/i2c-lcd.o
                0x08000f44                lcd_send_data
 .text.lcd_init
                0x08000fa4       0x5c ./Core/Src/i2c-lcd.o
                0x08000fa4                lcd_init
 .text.lcd_send_string
                0x08001000       0x2a ./Core/Src/i2c-lcd.o
                0x08001000                lcd_send_string
 .text.lcd_clear_display
                0x0800102a        0xe ./Core/Src/i2c-lcd.o
                0x0800102a                lcd_clear_display
 .text.lcd_goto_XY
                0x08001038       0x44 ./Core/Src/i2c-lcd.o
                0x08001038                lcd_goto_XY
 .text.main     0x0800107c       0x64 ./Core/Src/main.o
                0x0800107c                main
 .text.SystemClock_Config
                0x080010e0       0x76 ./Core/Src/main.o
                0x080010e0                SystemClock_Config
 *fill*         0x08001156        0x2 
 .text.MX_I2C1_Init
                0x08001158       0x5c ./Core/Src/main.o
 .text.MX_TIM2_Init
                0x080011b4       0x98 ./Core/Src/main.o
 .text.MX_USART2_UART_Init
                0x0800124c       0x54 ./Core/Src/main.o
 .text.MX_GPIO_Init
                0x080012a0       0xc4 ./Core/Src/main.o
 .text.HAL_TIM_PeriodElapsedCallback
                0x08001364       0x18 ./Core/Src/main.o
                0x08001364                HAL_TIM_PeriodElapsedCallback
 .text.HAL_UART_RxCpltCallback
                0x0800137c      0x188 ./Core/Src/main.o
                0x0800137c                HAL_UART_RxCpltCallback
 .text.Error_Handler
                0x08001504        0xc ./Core/Src/main.o
                0x08001504                Error_Handler
 .text.SCH_Init
                0x08001510       0x34 ./Core/Src/scheduler.o
                0x08001510                SCH_Init
 .text.SCH_Update
                0x08001544       0xe0 ./Core/Src/scheduler.o
                0x08001544                SCH_Update
 .text.SCH_Add_Task
                0x08001624       0xcc ./Core/Src/scheduler.o
                0x08001624                SCH_Add_Task
 .text.SCH_Delete_Task
                0x080016f0       0x90 ./Core/Src/scheduler.o
                0x080016f0                SCH_Delete_Task
 .text.SCH_Dispatch_Task
                0x08001780       0x98 ./Core/Src/scheduler.o
                0x08001780                SCH_Dispatch_Task
 .text.SCH_Report_Status
                0x08001818       0x78 ./Core/Src/scheduler.o
                0x08001818                SCH_Report_Status
 .text.HAL_MspInit
                0x08001890       0x64 ./Core/Src/stm32f1xx_hal_msp.o
                0x08001890                HAL_MspInit
 .text.HAL_I2C_MspInit
                0x080018f4       0xa0 ./Core/Src/stm32f1xx_hal_msp.o
                0x080018f4                HAL_I2C_MspInit
 .text.HAL_TIM_Base_MspInit
                0x08001994       0x48 ./Core/Src/stm32f1xx_hal_msp.o
                0x08001994                HAL_TIM_Base_MspInit
 .text.HAL_UART_MspInit
                0x080019dc       0xa4 ./Core/Src/stm32f1xx_hal_msp.o
                0x080019dc                HAL_UART_MspInit
 .text.NMI_Handler
                0x08001a80        0x8 ./Core/Src/stm32f1xx_it.o
                0x08001a80                NMI_Handler
 .text.HardFault_Handler
                0x08001a88        0x8 ./Core/Src/stm32f1xx_it.o
                0x08001a88                HardFault_Handler
 .text.MemManage_Handler
                0x08001a90        0x8 ./Core/Src/stm32f1xx_it.o
                0x08001a90                MemManage_Handler
 .text.BusFault_Handler
                0x08001a98        0x8 ./Core/Src/stm32f1xx_it.o
                0x08001a98                BusFault_Handler
 .text.UsageFault_Handler
                0x08001aa0        0x8 ./Core/Src/stm32f1xx_it.o
                0x08001aa0                UsageFault_Handler
 .text.SVC_Handler
                0x08001aa8        0xc ./Core/Src/stm32f1xx_it.o
                0x08001aa8                SVC_Handler
 .text.DebugMon_Handler
                0x08001ab4        0xc ./Core/Src/stm32f1xx_it.o
                0x08001ab4                DebugMon_Handler
 .text.PendSV_Handler
                0x08001ac0        0xc ./Core/Src/stm32f1xx_it.o
                0x08001ac0                PendSV_Handler
 .text.SysTick_Handler
                0x08001acc        0xc ./Core/Src/stm32f1xx_it.o
                0x08001acc                SysTick_Handler
 .text.TIM2_IRQHandler
                0x08001ad8       0x14 ./Core/Src/stm32f1xx_it.o
                0x08001ad8                TIM2_IRQHandler
 .text.USART2_IRQHandler
                0x08001aec       0x14 ./Core/Src/stm32f1xx_it.o
                0x08001aec                USART2_IRQHandler
 .text._sbrk    0x08001b00       0x6c ./Core/Src/sysmem.o
                0x08001b00                _sbrk
 .text.SystemInit
                0x08001b6c        0xc ./Core/Src/system_stm32f1xx.o
                0x08001b6c                SystemInit
 .text.Reset_Handler
                0x08001b78       0x48 ./Core/Startup/startup_stm32f103rbtx.o
                0x08001b78                Reset_Handler
 .text.Default_Handler
                0x08001bc0        0x2 ./Core/Startup/startup_stm32f103rbtx.o
                0x08001bc0                RTC_Alarm_IRQHandler
                0x08001bc0                EXTI2_IRQHandler
                0x08001bc0                TIM1_CC_IRQHandler
                0x08001bc0                PVD_IRQHandler
                0x08001bc0                EXTI3_IRQHandler
                0x08001bc0                EXTI0_IRQHandler
                0x08001bc0                I2C2_EV_IRQHandler
                0x08001bc0                ADC1_2_IRQHandler
                0x08001bc0                SPI1_IRQHandler
                0x08001bc0                TAMPER_IRQHandler
                0x08001bc0                DMA1_Channel4_IRQHandler
                0x08001bc0                USART3_IRQHandler
                0x08001bc0                RTC_IRQHandler
                0x08001bc0                DMA1_Channel7_IRQHandler
                0x08001bc0                CAN1_RX1_IRQHandler
                0x08001bc0                TIM4_IRQHandler
                0x08001bc0                I2C1_EV_IRQHandler
                0x08001bc0                DMA1_Channel6_IRQHandler
                0x08001bc0                TIM3_IRQHandler
                0x08001bc0                RCC_IRQHandler
                0x08001bc0                TIM1_TRG_COM_IRQHandler
                0x08001bc0                DMA1_Channel1_IRQHandler
                0x08001bc0                Default_Handler
                0x08001bc0                EXTI15_10_IRQHandler
                0x08001bc0                EXTI9_5_IRQHandler
                0x08001bc0                SPI2_IRQHandler
                0x08001bc0                DMA1_Channel5_IRQHandler
                0x08001bc0                EXTI4_IRQHandler
                0x08001bc0                USB_LP_CAN1_RX0_IRQHandler
                0x08001bc0                USB_HP_CAN1_TX_IRQHandler
                0x08001bc0                DMA1_Channel3_IRQHandler
                0x08001bc0                TIM1_UP_IRQHandler
                0x08001bc0                WWDG_IRQHandler
                0x08001bc0                TIM1_BRK_IRQHandler
                0x08001bc0                EXTI1_IRQHandler
                0x08001bc0                I2C2_ER_IRQHandler
                0x08001bc0                DMA1_Channel2_IRQHandler
                0x08001bc0                CAN1_SCE_IRQHandler
                0x08001bc0                FLASH_IRQHandler
                0x08001bc0                USART1_IRQHandler
                0x08001bc0                I2C1_ER_IRQHandler
                0x08001bc0                USBWakeUp_IRQHandler
 *fill*         0x08001bc2        0x2 
 .text.HAL_Init
                0x08001bc4       0x2c ./Drivers/STM32F1xx_HAL_Driver/Src/stm32f1xx_hal.o
                0x08001bc4                HAL_Init
 .text.HAL_InitTick
                0x08001bf0       0x60 ./Drivers/STM32F1xx_HAL_Driver/Src/stm32f1xx_hal.o
                0x08001bf0                HAL_InitTick
 .text.HAL_IncTick
                0x08001c50       0x24 ./Drivers/STM32F1xx_HAL_Driver/Src/stm32f1xx_hal.o
                0x08001c50                HAL_IncTick
 .text.HAL_GetTick
                0x08001c74       0x14 ./Drivers/STM32F1xx_HAL_Driver/Src/stm32f1xx_hal.o
                0x08001c74                HAL_GetTick
 .text.HAL_Delay
                0x08001c88       0x48 ./Drivers/STM32F1xx_HAL_Driver/Src/stm32f1xx_hal.o
                0x08001c88                HAL_Delay
 .text.__NVIC_SetPriorityGrouping
                0x08001cd0       0x48 ./Drivers/STM32F1xx_HAL_Driver/Src/stm32f1xx_hal_cortex.o
 .text.__NVIC_GetPriorityGrouping
                0x08001d18       0x1c ./Drivers/STM32F1xx_HAL_Driver/Src/stm32f1xx_hal_cortex.o
 .text.__NVIC_EnableIRQ
                0x08001d34       0x38 ./Drivers/STM32F1xx_HAL_Driver/Src/stm32f1xx_hal_cortex.o
 .text.__NVIC_SetPriority
                0x08001d6c       0x54 ./Drivers/STM32F1xx_HAL_Driver/Src/stm32f1xx_hal_cortex.o
 .text.NVIC_EncodePriority
                0x08001dc0       0x64 ./Drivers/STM32F1xx_HAL_Driver/Src/stm32f1xx_hal_cortex.o
 .text.SysTick_Config
                0x08001e24       0x44 ./Drivers/STM32F1xx_HAL_Driver/Src/stm32f1xx_hal_cortex.o
 .text.HAL_NVIC_SetPriorityGrouping
                0x08001e68       0x16 ./Drivers/STM32F1xx_HAL_Driver/Src/stm32f1xx_hal_cortex.o
                0x08001e68                HAL_NVIC_SetPriorityGrouping
 .text.HAL_NVIC_SetPriority
                0x08001e7e       0x38 ./Drivers/STM32F1xx_HAL_Driver/Src/stm32f1xx_hal_cortex.o
                0x08001e7e                HAL_NVIC_SetPriority
 .text.HAL_NVIC_EnableIRQ
                0x08001eb6       0x1c ./Drivers/STM32F1xx_HAL_Driver/Src/stm32f1xx_hal_cortex.o
                0x08001eb6                HAL_NVIC_EnableIRQ
 .text.HAL_SYSTICK_Config
                0x08001ed2       0x18 ./Drivers/STM32F1xx_HAL_Driver/Src/stm32f1xx_hal_cortex.o
                0x08001ed2                HAL_SYSTICK_Config
 .text.HAL_DMA_Abort
                0x08001eea       0x76 ./Drivers/STM32F1xx_HAL_Driver/Src/stm32f1xx_hal_dma.o
                0x08001eea                HAL_DMA_Abort
 .text.HAL_DMA_Abort_IT
                0x08001f60       0xf0 ./Drivers/STM32F1xx_HAL_Driver/Src/stm32f1xx_hal_dma.o
                0x08001f60                HAL_DMA_Abort_IT
 .text.HAL_GPIO_Init
                0x08002050      0x308 ./Drivers/STM32F1xx_HAL_Driver/Src/stm32f1xx_hal_gpio.o
                0x08002050                HAL_GPIO_Init
 .text.HAL_GPIO_ReadPin
                0x08002358       0x2e ./Drivers/STM32F1xx_HAL_Driver/Src/stm32f1xx_hal_gpio.o
                0x08002358                HAL_GPIO_ReadPin
 .text.HAL_GPIO_WritePin
                0x08002386       0x30 ./Drivers/STM32F1xx_HAL_Driver/Src/stm32f1xx_hal_gpio.o
                0x08002386                HAL_GPIO_WritePin
 .text.HAL_GPIO_TogglePin
                0x080023b6       0x32 ./Drivers/STM32F1xx_HAL_Driver/Src/stm32f1xx_hal_gpio.o
                0x080023b6                HAL_GPIO_TogglePin
 .text.HAL_I2C_Init
                0x080023e8      0x288 ./Drivers/STM32F1xx_HAL_Driver/Src/stm32f1xx_hal_i2c.o
                0x080023e8                HAL_I2C_Init
 .text.HAL_I2C_Master_Transmit
                0x08002670      0x1fc ./Drivers/STM32F1xx_HAL_Driver/Src/stm32f1xx_hal_i2c.o
                0x08002670                HAL_I2C_Master_Transmit
 .text.I2C_MasterRequestWrite
                0x0800286c      0x104 ./Drivers/STM32F1xx_HAL_Driver/Src/stm32f1xx_hal_i2c.o
 .text.I2C_WaitOnFlagUntilTimeout
                0x08002970       0xf4 ./Drivers/STM32F1xx_HAL_Driver/Src/stm32f1xx_hal_i2c.o
 .text.I2C_WaitOnMasterAddressFlagUntilTimeout
                0x08002a64      0x140 ./Drivers/STM32F1xx_HAL_Driver/Src/stm32f1xx_hal_i2c.o
 .text.I2C_WaitOnTXEFlagUntilTimeout
                0x08002ba4       0x90 ./Drivers/STM32F1xx_HAL_Driver/Src/stm32f1xx_hal_i2c.o
 .text.I2C_WaitOnBTFFlagUntilTimeout
                0x08002c34       0x90 ./Drivers/STM32F1xx_HAL_Driver/Src/stm32f1xx_hal_i2c.o
 .text.I2C_IsAcknowledgeFailed
                0x08002cc4       0x5c ./Drivers/STM32F1xx_HAL_Driver/Src/stm32f1xx_hal_i2c.o
 .text.HAL_RCC_OscConfig
                0x08002d20      0x504 ./Drivers/STM32F1xx_HAL_Driver/Src/stm32f1xx_hal_rcc.o
                0x08002d20                HAL_RCC_OscConfig
 .text.HAL_RCC_ClockConfig
                0x08003224      0x1d4 ./Drivers/STM32F1xx_HAL_Driver/Src/stm32f1xx_hal_rcc.o
                0x08003224                HAL_RCC_ClockConfig
 .text.HAL_RCC_GetSysClockFreq
                0x080033f8       0xa8 ./Drivers/STM32F1xx_HAL_Driver/Src/stm32f1xx_hal_rcc.o
                0x080033f8                HAL_RCC_GetSysClockFreq
 .text.HAL_RCC_GetHCLKFreq
                0x080034a0       0x14 ./Drivers/STM32F1xx_HAL_Driver/Src/stm32f1xx_hal_rcc.o
                0x080034a0                HAL_RCC_GetHCLKFreq
 .text.HAL_RCC_GetPCLK1Freq
                0x080034b4       0x28 ./Drivers/STM32F1xx_HAL_Driver/Src/stm32f1xx_hal_rcc.o
                0x080034b4                HAL_RCC_GetPCLK1Freq
 .text.HAL_RCC_GetPCLK2Freq
                0x080034dc       0x28 ./Drivers/STM32F1xx_HAL_Driver/Src/stm32f1xx_hal_rcc.o
                0x080034dc                HAL_RCC_GetPCLK2Freq
 .text.RCC_Delay
                0x08003504       0x3c ./Drivers/STM32F1xx_HAL_Driver/Src/stm32f1xx_hal_rcc.o
 .text.HAL_TIM_Base_Init
                0x08003540       0x9e ./Drivers/STM32F1xx_HAL_Driver/Src/stm32f1xx_hal_tim.o
                0x08003540                HAL_TIM_Base_Init
 *fill*         0x080035de        0x2 
 .text.HAL_TIM_Base_Start_IT
                0x080035e0       0xa4 ./Drivers/STM32F1xx_HAL_Driver/Src/stm32f1xx_hal_tim.o
                0x080035e0                HAL_TIM_Base_Start_IT
 .text.HAL_TIM_IRQHandler
                0x08003684      0x1e0 ./Drivers/STM32F1xx_HAL_Driver/Src/stm32f1xx_hal_tim.o
                0x08003684                HAL_TIM_IRQHandler
 .text.HAL_TIM_ConfigClockSource
                0x08003864      0x18e ./Drivers/STM32F1xx_HAL_Driver/Src/stm32f1xx_hal_tim.o
                0x08003864                HAL_TIM_ConfigClockSource
 .text.HAL_TIM_OC_DelayElapsedCallback
                0x080039f2       0x12 ./Drivers/STM32F1xx_HAL_Driver/Src/stm32f1xx_hal_tim.o
                0x080039f2                HAL_TIM_OC_DelayElapsedCallback
 .text.HAL_TIM_IC_CaptureCallback
                0x08003a04       0x12 ./Drivers/STM32F1xx_HAL_Driver/Src/stm32f1xx_hal_tim.o
                0x08003a04                HAL_TIM_IC_CaptureCallback
 .text.HAL_TIM_PWM_PulseFinishedCallback
                0x08003a16       0x12 ./Drivers/STM32F1xx_HAL_Driver/Src/stm32f1xx_hal_tim.o
                0x08003a16                HAL_TIM_PWM_PulseFinishedCallback
 .text.HAL_TIM_TriggerCallback
                0x08003a28       0x12 ./Drivers/STM32F1xx_HAL_Driver/Src/stm32f1xx_hal_tim.o
                0x08003a28                HAL_TIM_TriggerCallback
 *fill*         0x08003a3a        0x2 
 .text.TIM_Base_SetConfig
                0x08003a3c       0xdc ./Drivers/STM32F1xx_HAL_Driver/Src/stm32f1xx_hal_tim.o
                0x08003a3c                TIM_Base_SetConfig
 .text.TIM_TI1_ConfigInputStage
                0x08003b18       0x5c ./Drivers/STM32F1xx_HAL_Driver/Src/stm32f1xx_hal_tim.o
 .text.TIM_TI2_ConfigInputStage
                0x08003b74       0x5e ./Drivers/STM32F1xx_HAL_Driver/Src/stm32f1xx_hal_tim.o
 .text.TIM_ITRx_SetConfig
                0x08003bd2       0x34 ./Drivers/STM32F1xx_HAL_Driver/Src/stm32f1xx_hal_tim.o
 .text.TIM_ETR_SetConfig
                0x08003c06       0x3e ./Drivers/STM32F1xx_HAL_Driver/Src/stm32f1xx_hal_tim.o
                0x08003c06                TIM_ETR_SetConfig
 .text.HAL_TIMEx_MasterConfigSynchronization
                0x08003c44       0xbc ./Drivers/STM32F1xx_HAL_Driver/Src/stm32f1xx_hal_tim_ex.o
                0x08003c44                HAL_TIMEx_MasterConfigSynchronization
 .text.HAL_TIMEx_CommutCallback
                0x08003d00       0x12 ./Drivers/STM32F1xx_HAL_Driver/Src/stm32f1xx_hal_tim_ex.o
                0x08003d00                HAL_TIMEx_CommutCallback
 .text.HAL_TIMEx_BreakCallback
                0x08003d12       0x12 ./Drivers/STM32F1xx_HAL_Driver/Src/stm32f1xx_hal_tim_ex.o
                0x08003d12                HAL_TIMEx_BreakCallback
 .text.HAL_UART_Init
                0x08003d24       0xa0 ./Drivers/STM32F1xx_HAL_Driver/Src/stm32f1xx_hal_uart.o
                0x08003d24                HAL_UART_Init
 .text.HAL_UART_Transmit
                0x08003dc4      0x116 ./Drivers/STM32F1xx_HAL_Driver/Src/stm32f1xx_hal_uart.o
                0x08003dc4                HAL_UART_Transmit
 .text.HAL_UART_Receive_IT
                0x08003eda       0x4a ./Drivers/STM32F1xx_HAL_Driver/Src/stm32f1xx_hal_uart.o
                0x08003eda                HAL_UART_Receive_IT
 .text.HAL_UART_IRQHandler
                0x08003f24      0x524 ./Drivers/STM32F1xx_HAL_Driver/Src/stm32f1xx_hal_uart.o
                0x08003f24                HAL_UART_IRQHandler
 .text.HAL_UART_TxCpltCallback
                0x08004448       0x12 ./Drivers/STM32F1xx_HAL_Driver/Src/stm32f1xx_hal_uart.o
                0x08004448                HAL_UART_TxCpltCallback
 .text.HAL_UART_ErrorCallback
                0x0800445a       0x12 ./Drivers/STM32F1xx_HAL_Driver/Src/stm32f1xx_hal_uart.o
                0x0800445a                HAL_UART_ErrorCallback
 .text.HAL_UARTEx_RxEventCallback
                0x0800446c       0x16 ./Drivers/STM32F1xx_HAL_Driver/Src/stm32f1xx_hal_uart.o
                0x0800446c                HAL_UARTEx_RxEventCallback
 .text.UART_WaitOnFlagUntilTimeout
                0x08004482       0xb2 ./Drivers/STM32F1xx_HAL_Driver/Src/stm32f1xx_hal_uart.o
 .text.UART_Start_Receive_IT
                0x08004534       0x72 ./Drivers/STM32F1xx_HAL_Driver/Src/stm32f1xx_hal_uart.o
                0x08004534                UART_Start_Receive_IT
 .text.UART_EndRxTransfer
                0x080045a6       0xc4 ./Drivers/STM32F1xx_HAL_Driver/Src/stm32f1xx_hal_uart.o
 .text.UART_DMAAbortOnError
                0x0800466a       0x28 ./Drivers/STM32F1xx_HAL_Driver/Src/stm32f1xx_hal_uart.o
 .text.UART_Transmit_IT
                0x08004692       0x9e ./Drivers/STM32F1xx_HAL_Driver/Src/stm32f1xx_hal_uart.o
 .text.UART_EndTransmit_IT
                0x08004730       0x30 ./Drivers/STM32F1xx_HAL_Driver/Src/stm32f1xx_hal_uart.o
 .text.UART_Receive_IT
                0x08004760      0x17c ./Drivers/STM32F1xx_HAL_Driver/Src/stm32f1xx_hal_uart.o
 .text.UART_SetConfig
                0x080048dc      0x11c ./Drivers/STM32F1xx_HAL_Driver/Src/stm32f1xx_hal_uart.o
 .text.sprintf  0x080049f8       0x40 E:/ST/STM32CubeIDE_1.16.0/STM32CubeIDE/plugins/com.st.stm32cube.ide.mcu.externaltools.gnu-tools-for-stm32.12.3.rel1.win32_1.0.200.202406191623/tools/bin/../lib/gcc/arm-none-eabi/12.3.1/../../../../arm-none-eabi/lib/thumb/v7-m/nofp\libc_nano.a(libc_a-sprintf.o)
                0x080049f8                siprintf
                0x080049f8                sprintf
 .text.memset   0x08004a38       0x10 E:/ST/STM32CubeIDE_1.16.0/STM32CubeIDE/plugins/com.st.stm32cube.ide.mcu.externaltools.gnu-tools-for-stm32.12.3.rel1.win32_1.0.200.202406191623/tools/bin/../lib/gcc/arm-none-eabi/12.3.1/../../../../arm-none-eabi/lib/thumb/v7-m/nofp\libc_nano.a(libc_a-memset.o)
                0x08004a38                memset
 .text.strcat   0x08004a48       0x1e E:/ST/STM32CubeIDE_1.16.0/STM32CubeIDE/plugins/com.st.stm32cube.ide.mcu.externaltools.gnu-tools-for-stm32.12.3.rel1.win32_1.0.200.202406191623/tools/bin/../lib/gcc/arm-none-eabi/12.3.1/../../../../arm-none-eabi/lib/thumb/v7-m/nofp\libc_nano.a(libc_a-strcat.o)
                0x08004a48                strcat
 *fill*         0x08004a66        0x2 
 .text.__errno  0x08004a68        0xc E:/ST/STM32CubeIDE_1.16.0/STM32CubeIDE/plugins/com.st.stm32cube.ide.mcu.externaltools.gnu-tools-for-stm32.12.3.rel1.win32_1.0.200.202406191623/tools/bin/../lib/gcc/arm-none-eabi/12.3.1/../../../../arm-none-eabi/lib/thumb/v7-m/nofp\libc_nano.a(libc_a-errno.o)
                0x08004a68                __errno
 .text.__libc_init_array
                0x08004a74       0x48 E:/ST/STM32CubeIDE_1.16.0/STM32CubeIDE/plugins/com.st.stm32cube.ide.mcu.externaltools.gnu-tools-for-stm32.12.3.rel1.win32_1.0.200.202406191623/tools/bin/../lib/gcc/arm-none-eabi/12.3.1/../../../../arm-none-eabi/lib/thumb/v7-m/nofp\libc_nano.a(libc_a-init.o)
                0x08004a74                __libc_init_array
 .text.__retarget_lock_acquire_recursive
                0x08004abc        0x2 E:/ST/STM32CubeIDE_1.16.0/STM32CubeIDE/plugins/com.st.stm32cube.ide.mcu.externaltools.gnu-tools-for-stm32.12.3.rel1.win32_1.0.200.202406191623/tools/bin/../lib/gcc/arm-none-eabi/12.3.1/../../../../arm-none-eabi/lib/thumb/v7-m/nofp\libc_nano.a(libc_a-lock.o)
                0x08004abc                __retarget_lock_acquire_recursive
 .text.__retarget_lock_release_recursive
                0x08004abe        0x2 E:/ST/STM32CubeIDE_1.16.0/STM32CubeIDE/plugins/com.st.stm32cube.ide.mcu.externaltools.gnu-tools-for-stm32.12.3.rel1.win32_1.0.200.202406191623/tools/bin/../lib/gcc/arm-none-eabi/12.3.1/../../../../arm-none-eabi/lib/thumb/v7-m/nofp\libc_nano.a(libc_a-lock.o)
                0x08004abe                __retarget_lock_release_recursive
 .text._free_r  0x08004ac0       0x90 E:/ST/STM32CubeIDE_1.16.0/STM32CubeIDE/plugins/com.st.stm32cube.ide.mcu.externaltools.gnu-tools-for-stm32.12.3.rel1.win32_1.0.200.202406191623/tools/bin/../lib/gcc/arm-none-eabi/12.3.1/../../../../arm-none-eabi/lib/thumb/v7-m/nofp\libc_nano.a(libc_a-freer.o)
                0x08004ac0                _free_r
 .text.sbrk_aligned
                0x08004b50       0x44 E:/ST/STM32CubeIDE_1.16.0/STM32CubeIDE/plugins/com.st.stm32cube.ide.mcu.externaltools.gnu-tools-for-stm32.12.3.rel1.win32_1.0.200.202406191623/tools/bin/../lib/gcc/arm-none-eabi/12.3.1/../../../../arm-none-eabi/lib/thumb/v7-m/nofp\libc_nano.a(libc_a-mallocr.o)
 .text._malloc_r
                0x08004b94      0x100 E:/ST/STM32CubeIDE_1.16.0/STM32CubeIDE/plugins/com.st.stm32cube.ide.mcu.externaltools.gnu-tools-for-stm32.12.3.rel1.win32_1.0.200.202406191623/tools/bin/../lib/gcc/arm-none-eabi/12.3.1/../../../../arm-none-eabi/lib/thumb/v7-m/nofp\libc_nano.a(libc_a-mallocr.o)
                0x08004b94                _malloc_r
 .text.__malloc_lock
                0x08004c94        0xc E:/ST/STM32CubeIDE_1.16.0/STM32CubeIDE/plugins/com.st.stm32cube.ide.mcu.externaltools.gnu-tools-for-stm32.12.3.rel1.win32_1.0.200.202406191623/tools/bin/../lib/gcc/arm-none-eabi/12.3.1/../../../../arm-none-eabi/lib/thumb/v7-m/nofp\libc_nano.a(libc_a-mlock.o)
                0x08004c94                __malloc_lock
 .text.__malloc_unlock
                0x08004ca0        0xc E:/ST/STM32CubeIDE_1.16.0/STM32CubeIDE/plugins/com.st.stm32cube.ide.mcu.externaltools.gnu-tools-for-stm32.12.3.rel1.win32_1.0.200.202406191623/tools/bin/../lib/gcc/arm-none-eabi/12.3.1/../../../../arm-none-eabi/lib/thumb/v7-m/nofp\libc_nano.a(libc_a-mlock.o)
                0x08004ca0                __malloc_unlock
 .text.__ssputs_r
                0x08004cac       0xb6 E:/ST/STM32CubeIDE_1.16.0/STM32CubeIDE/plugins/com.st.stm32cube.ide.mcu.externaltools.gnu-tools-for-stm32.12.3.rel1.win32_1.0.200.202406191623/tools/bin/../lib/gcc/arm-none-eabi/12.3.1/../../../../arm-none-eabi/lib/thumb/v7-m/nofp\libc_nano.a(libc_a-nano-svfprintf.o)
                0x08004cac                __ssputs_r
 *fill*         0x08004d62        0x2 
 .text._svfprintf_r
                0x08004d64      0x1f8 E:/ST/STM32CubeIDE_1.16.0/STM32CubeIDE/plugins/com.st.stm32cube.ide.mcu.externaltools.gnu-tools-for-stm32.12.3.rel1.win32_1.0.200.202406191623/tools/bin/../lib/gcc/arm-none-eabi/12.3.1/../../../../arm-none-eabi/lib/thumb/v7-m/nofp\libc_nano.a(libc_a-nano-svfprintf.o)
                0x08004d64                _svfiprintf_r
                0x08004d64                _svfprintf_r
 .text._printf_common
                0x08004f5c       0xe4 E:/ST/STM32CubeIDE_1.16.0/STM32CubeIDE/plugins/com.st.stm32cube.ide.mcu.externaltools.gnu-tools-for-stm32.12.3.rel1.win32_1.0.200.202406191623/tools/bin/../lib/gcc/arm-none-eabi/12.3.1/../../../../arm-none-eabi/lib/thumb/v7-m/nofp\libc_nano.a(libc_a-nano-vfprintf_i.o)
                0x08004f5c                _printf_common
 .text._printf_i
                0x08005040      0x240 E:/ST/STM32CubeIDE_1.16.0/STM32CubeIDE/plugins/com.st.stm32cube.ide.mcu.externaltools.gnu-tools-for-stm32.12.3.rel1.win32_1.0.200.202406191623/tools/bin/../lib/gcc/arm-none-eabi/12.3.1/../../../../arm-none-eabi/lib/thumb/v7-m/nofp\libc_nano.a(libc_a-nano-vfprintf_i.o)
                0x08005040                _printf_i
 .text.memmove  0x08005280       0x34 E:/ST/STM32CubeIDE_1.16.0/STM32CubeIDE/plugins/com.st.stm32cube.ide.mcu.externaltools.gnu-tools-for-stm32.12.3.rel1.win32_1.0.200.202406191623/tools/bin/../lib/gcc/arm-none-eabi/12.3.1/../../../../arm-none-eabi/lib/thumb/v7-m/nofp\libc_nano.a(libc_a-memmove.o)
                0x08005280                memmove
 .text._sbrk_r  0x080052b4       0x20 E:/ST/STM32CubeIDE_1.16.0/STM32CubeIDE/plugins/com.st.stm32cube.ide.mcu.externaltools.gnu-tools-for-stm32.12.3.rel1.win32_1.0.200.202406191623/tools/bin/../lib/gcc/arm-none-eabi/12.3.1/../../../../arm-none-eabi/lib/thumb/v7-m/nofp\libc_nano.a(libc_a-sbrkr.o)
                0x080052b4                _sbrk_r
 .text.memchr   0x080052d4       0x1c E:/ST/STM32CubeIDE_1.16.0/STM32CubeIDE/plugins/com.st.stm32cube.ide.mcu.externaltools.gnu-tools-for-stm32.12.3.rel1.win32_1.0.200.202406191623/tools/bin/../lib/gcc/arm-none-eabi/12.3.1/../../../../arm-none-eabi/lib/thumb/v7-m/nofp\libc_nano.a(libc_a-memchr-stub.o)
                0x080052d4                memchr
 .text.memcpy   0x080052f0       0x1c E:/ST/STM32CubeIDE_1.16.0/STM32CubeIDE/plugins/com.st.stm32cube.ide.mcu.externaltools.gnu-tools-for-stm32.12.3.rel1.win32_1.0.200.202406191623/tools/bin/../lib/gcc/arm-none-eabi/12.3.1/../../../../arm-none-eabi/lib/thumb/v7-m/nofp\libc_nano.a(libc_a-memcpy-stub.o)
                0x080052f0                memcpy
 .text._realloc_r
                0x0800530c       0x5c E:/ST/STM32CubeIDE_1.16.0/STM32CubeIDE/plugins/com.st.stm32cube.ide.mcu.externaltools.gnu-tools-for-stm32.12.3.rel1.win32_1.0.200.202406191623/tools/bin/../lib/gcc/arm-none-eabi/12.3.1/../../../../arm-none-eabi/lib/thumb/v7-m/nofp\libc_nano.a(libc_a-reallocr.o)
                0x0800530c                _realloc_r
 .text._malloc_usable_size_r
                0x08005368       0x10 E:/ST/STM32CubeIDE_1.16.0/STM32CubeIDE/plugins/com.st.stm32cube.ide.mcu.externaltools.gnu-tools-for-stm32.12.3.rel1.win32_1.0.200.202406191623/tools/bin/../lib/gcc/arm-none-eabi/12.3.1/../../../../arm-none-eabi/lib/thumb/v7-m/nofp\libc_nano.a(libc_a-msizer.o)
                0x08005368                _malloc_usable_size_r
 *(.glue_7)
 .glue_7        0x08005378        0x0 linker stubs
 *(.glue_7t)
 .glue_7t       0x08005378        0x0 linker stubs
 *(.eh_frame)
 .eh_frame      0x08005378        0x0 E:/ST/STM32CubeIDE_1.16.0/STM32CubeIDE/plugins/com.st.stm32cube.ide.mcu.externaltools.gnu-tools-for-stm32.12.3.rel1.win32_1.0.200.202406191623/tools/bin/../lib/gcc/arm-none-eabi/12.3.1/thumb/v7-m/nofp/crtbegin.o
 *(.init)
 .init          0x08005378        0x4 E:/ST/STM32CubeIDE_1.16.0/STM32CubeIDE/plugins/com.st.stm32cube.ide.mcu.externaltools.gnu-tools-for-stm32.12.3.rel1.win32_1.0.200.202406191623/tools/bin/../lib/gcc/arm-none-eabi/12.3.1/thumb/v7-m/nofp/crti.o
                0x08005378                _init
 .init          0x0800537c        0x8 E:/ST/STM32CubeIDE_1.16.0/STM32CubeIDE/plugins/com.st.stm32cube.ide.mcu.externaltools.gnu-tools-for-stm32.12.3.rel1.win32_1.0.200.202406191623/tools/bin/../lib/gcc/arm-none-eabi/12.3.1/thumb/v7-m/nofp/crtn.o
 *(.fini)
 .fini          0x08005384        0x4 E:/ST/STM32CubeIDE_1.16.0/STM32CubeIDE/plugins/com.st.stm32cube.ide.mcu.externaltools.gnu-tools-for-stm32.12.3.rel1.win32_1.0.200.202406191623/tools/bin/../lib/gcc/arm-none-eabi/12.3.1/thumb/v7-m/nofp/crti.o
                0x08005384                _fini
 .fini          0x08005388        0x8 E:/ST/STM32CubeIDE_1.16.0/STM32CubeIDE/plugins/com.st.stm32cube.ide.mcu.externaltools.gnu-tools-for-stm32.12.3.rel1.win32_1.0.200.202406191623/tools/bin/../lib/gcc/arm-none-eabi/12.3.1/thumb/v7-m/nofp/crtn.o
                0x08005390                        . = ALIGN (0x4)
                0x08005390                        _etext = .

.vfp11_veneer   0x08005390        0x0
 .vfp11_veneer  0x08005390        0x0 linker stubs

.v4_bx          0x08005390        0x0
 .v4_bx         0x08005390        0x0 linker stubs

.iplt           0x08005390        0x0
 .iplt          0x08005390        0x0 E:/ST/STM32CubeIDE_1.16.0/STM32CubeIDE/plugins/com.st.stm32cube.ide.mcu.externaltools.gnu-tools-for-stm32.12.3.rel1.win32_1.0.200.202406191623/tools/bin/../lib/gcc/arm-none-eabi/12.3.1/thumb/v7-m/nofp/crtbegin.o

.rodata         0x08005390      0x158
                0x08005390                        . = ALIGN (0x4)
 *(.rodata)
 .rodata        0x08005390       0x5f ./Core/Src/fsm_automatic.o
 *fill*         0x080053ef        0x1 
 .rodata        0x080053f0       0x1e ./Core/Src/fsm_manual.o
 *fill*         0x0800540e        0x2 
 .rodata        0x08005410       0x3d ./Core/Src/fsm_setting.o
 *fill*         0x0800544d        0x3 
 .rodata        0x08005450       0x37 ./Core/Src/main.o
 *(.rodata*)
 *fill*         0x08005487        0x1 
 .rodata.AHBPrescTable
                0x08005488       0x10 ./Core/Src/system_stm32f1xx.o
                0x08005488                AHBPrescTable
 .rodata.APBPrescTable
                0x08005498        0x8 ./Core/Src/system_stm32f1xx.o
                0x08005498                APBPrescTable
 .rodata.aPLLMULFactorTable.1
                0x080054a0       0x10 ./Drivers/STM32F1xx_HAL_Driver/Src/stm32f1xx_hal_rcc.o
 .rodata.aPredivFactorTable.0
                0x080054b0        0x2 ./Drivers/STM32F1xx_HAL_Driver/Src/stm32f1xx_hal_rcc.o
 .rodata._svfprintf_r.str1.1
                0x080054b2       0x11 E:/ST/STM32CubeIDE_1.16.0/STM32CubeIDE/plugins/com.st.stm32cube.ide.mcu.externaltools.gnu-tools-for-stm32.12.3.rel1.win32_1.0.200.202406191623/tools/bin/../lib/gcc/arm-none-eabi/12.3.1/../../../../arm-none-eabi/lib/thumb/v7-m/nofp\libc_nano.a(libc_a-nano-svfprintf.o)
 .rodata._printf_i.str1.1
                0x080054c3       0x22 E:/ST/STM32CubeIDE_1.16.0/STM32CubeIDE/plugins/com.st.stm32cube.ide.mcu.externaltools.gnu-tools-for-stm32.12.3.rel1.win32_1.0.200.202406191623/tools/bin/../lib/gcc/arm-none-eabi/12.3.1/../../../../arm-none-eabi/lib/thumb/v7-m/nofp\libc_nano.a(libc_a-nano-vfprintf_i.o)
                0x080054e8                        . = ALIGN (0x4)
 *fill*         0x080054e5        0x3 

.ARM.extab      0x080054e8        0x0
                0x080054e8                        . = ALIGN (0x4)
 *(.ARM.extab* .gnu.linkonce.armextab.*)
                0x080054e8                        . = ALIGN (0x4)

.ARM            0x080054e8        0x8
                0x080054e8                        . = ALIGN (0x4)
                0x080054e8                        __exidx_start = .
 *(.ARM.exidx*)
 .ARM.exidx     0x080054e8        0x8 E:/ST/STM32CubeIDE_1.16.0/STM32CubeIDE/plugins/com.st.stm32cube.ide.mcu.externaltools.gnu-tools-for-stm32.12.3.rel1.win32_1.0.200.202406191623/tools/bin/../lib/gcc/arm-none-eabi/12.3.1/../../../../arm-none-eabi/lib/thumb/v7-m/nofp\libc_nano.a(libc_a-strcmp.o)
 .ARM.exidx     0x080054f0        0x0 E:/ST/STM32CubeIDE_1.16.0/STM32CubeIDE/plugins/com.st.stm32cube.ide.mcu.externaltools.gnu-tools-for-stm32.12.3.rel1.win32_1.0.200.202406191623/tools/bin/../lib/gcc/arm-none-eabi/12.3.1/../../../../arm-none-eabi/lib/thumb/v7-m/nofp\libc_nano.a(libc_a-strlen.o)
                                  0x8 (size before relaxing)
                0x080054f0                        __exidx_end = .
                0x080054f0                        . = ALIGN (0x4)

.preinit_array  0x080054f0        0x0
                0x080054f0                        . = ALIGN (0x4)
                0x080054f0                        PROVIDE (__preinit_array_start = .)
 *(.preinit_array*)
                0x080054f0                        PROVIDE (__preinit_array_end = .)
                0x080054f0                        . = ALIGN (0x4)

.init_array     0x080054f0        0x4
                0x080054f0                        . = ALIGN (0x4)
                0x080054f0                        PROVIDE (__init_array_start = .)
 *(SORT_BY_NAME(.init_array.*))
 *(.init_array*)
 .init_array    0x080054f0        0x4 E:/ST/STM32CubeIDE_1.16.0/STM32CubeIDE/plugins/com.st.stm32cube.ide.mcu.externaltools.gnu-tools-for-stm32.12.3.rel1.win32_1.0.200.202406191623/tools/bin/../lib/gcc/arm-none-eabi/12.3.1/thumb/v7-m/nofp/crtbegin.o
                0x080054f4                        PROVIDE (__init_array_end = .)
                0x080054f4                        . = ALIGN (0x4)

.fini_array     0x080054f4        0x4
                0x080054f4                        . = ALIGN (0x4)
                [!provide]                        PROVIDE (__fini_array_start = .)
 *(SORT_BY_NAME(.fini_array.*))
 *(.fini_array*)
 .fini_array    0x080054f4        0x4 E:/ST/STM32CubeIDE_1.16.0/STM32CubeIDE/plugins/com.st.stm32cube.ide.mcu.externaltools.gnu-tools-for-stm32.12.3.rel1.win32_1.0.200.202406191623/tools/bin/../lib/gcc/arm-none-eabi/12.3.1/thumb/v7-m/nofp/crtbegin.o
                [!provide]                        PROVIDE (__fini_array_end = .)
                0x080054f8                        . = ALIGN (0x4)
                0x080054f8                        _sidata = LOADADDR (.data)

.rel.dyn        0x080054f8        0x0
 .rel.iplt      0x080054f8        0x0 E:/ST/STM32CubeIDE_1.16.0/STM32CubeIDE/plugins/com.st.stm32cube.ide.mcu.externaltools.gnu-tools-for-stm32.12.3.rel1.win32_1.0.200.202406191623/tools/bin/../lib/gcc/arm-none-eabi/12.3.1/thumb/v7-m/nofp/crtbegin.o

.data           0x20000000       0xd8 load address 0x080054f8
                0x20000000                        . = ALIGN (0x4)
                0x20000000                        _sdata = .
 *(.data)
 *(.data*)
 .data.KeyReg0  0x20000000       0x14 ./Core/Src/button.o
                0x20000000                KeyReg0
 .data.KeyReg1  0x20000014       0x14 ./Core/Src/button.o
                0x20000014                KeyReg1
 .data.KeyReg2  0x20000028       0x14 ./Core/Src/button.o
                0x20000028                KeyReg2
 .data.KeyReg3  0x2000003c       0x14 ./Core/Src/button.o
                0x2000003c                KeyReg3
 .data.TimeOutForKeyPress
                0x20000050       0x14 ./Core/Src/button.o
                0x20000050                TimeOutForKeyPress
 .data.flag     0x20000064        0x4 ./Core/Src/fsm_setting.o
                0x20000064                flag
 .data.time_red
                0x20000068        0x4 ./Core/Src/global.o
                0x20000068                time_red
 .data.time_yellow
                0x2000006c        0x4 ./Core/Src/global.o
                0x2000006c                time_yellow
 .data.time_green
                0x20000070        0x4 ./Core/Src/global.o
                0x20000070                time_green
 .data.count3   0x20000074        0x4 ./Core/Src/global.o
                0x20000074                count3
 .data.timeout  0x20000078        0x4 ./Core/Src/global.o
                0x20000078                timeout
 .data.SystemCoreClock
                0x2000007c        0x4 ./Core/Src/system_stm32f1xx.o
                0x2000007c                SystemCoreClock
 .data.uwTickPrio
                0x20000080        0x4 ./Drivers/STM32F1xx_HAL_Driver/Src/stm32f1xx_hal.o
                0x20000080                uwTickPrio
 .data.uwTickFreq
                0x20000084        0x1 ./Drivers/STM32F1xx_HAL_Driver/Src/stm32f1xx_hal.o
                0x20000084                uwTickFreq
 *fill*         0x20000085        0x3 
 .data._impure_ptr
                0x20000088        0x4 E:/ST/STM32CubeIDE_1.16.0/STM32CubeIDE/plugins/com.st.stm32cube.ide.mcu.externaltools.gnu-tools-for-stm32.12.3.rel1.win32_1.0.200.202406191623/tools/bin/../lib/gcc/arm-none-eabi/12.3.1/../../../../arm-none-eabi/lib/thumb/v7-m/nofp\libc_nano.a(libc_a-impure.o)
                0x20000088                _impure_ptr
 .data._impure_data
                0x2000008c       0x4c E:/ST/STM32CubeIDE_1.16.0/STM32CubeIDE/plugins/com.st.stm32cube.ide.mcu.externaltools.gnu-tools-for-stm32.12.3.rel1.win32_1.0.200.202406191623/tools/bin/../lib/gcc/arm-none-eabi/12.3.1/../../../../arm-none-eabi/lib/thumb/v7-m/nofp\libc_nano.a(libc_a-impure.o)
                0x2000008c                _impure_data
 *(.RamFunc)
 *(.RamFunc*)
                0x200000d8                        . = ALIGN (0x4)
                0x200000d8                        _edata = .

.igot.plt       0x200000d8        0x0 load address 0x080055d0
 .igot.plt      0x200000d8        0x0 E:/ST/STM32CubeIDE_1.16.0/STM32CubeIDE/plugins/com.st.stm32cube.ide.mcu.externaltools.gnu-tools-for-stm32.12.3.rel1.win32_1.0.200.202406191623/tools/bin/../lib/gcc/arm-none-eabi/12.3.1/thumb/v7-m/nofp/crtbegin.o
                0x200000d8                        . = ALIGN (0x4)

.bss            0x200000d8      0x638 load address 0x080055d0
                0x200000d8                        _sbss = .
                0x200000d8                        __bss_start__ = _sbss
 *(.bss)
 .bss           0x200000d8       0x1c E:/ST/STM32CubeIDE_1.16.0/STM32CubeIDE/plugins/com.st.stm32cube.ide.mcu.externaltools.gnu-tools-for-stm32.12.3.rel1.win32_1.0.200.202406191623/tools/bin/../lib/gcc/arm-none-eabi/12.3.1/thumb/v7-m/nofp/crtbegin.o
 *(.bss*)
 .bss.button_pressed
                0x200000f4       0x14 ./Core/Src/button.o
                0x200000f4                button_pressed
 .bss.button_long_pressed
                0x20000108       0x14 ./Core/Src/button.o
                0x20000108                button_long_pressed
 .bss.tmp_red   0x2000011c        0x4 ./Core/Src/fsm_setting.o
                0x2000011c                tmp_red
 .bss.tmp_yellow
                0x20000120        0x4 ./Core/Src/fsm_setting.o
                0x20000120                tmp_yellow
 .bss.tmp_green
                0x20000124        0x4 ./Core/Src/fsm_setting.o
                0x20000124                tmp_green
 .bss.status1   0x20000128        0x4 ./Core/Src/global.o
                0x20000128                status1
 .bss.status2   0x2000012c        0x4 ./Core/Src/global.o
                0x2000012c                status2
 .bss.count1    0x20000130        0x4 ./Core/Src/global.o
                0x20000130                count1
 .bss.count2    0x20000134        0x4 ./Core/Src/global.o
                0x20000134                count2
 .bss.uart_mode1
                0x20000138        0x4 ./Core/Src/global.o
                0x20000138                uart_mode1
 .bss.uart_press
                0x2000013c        0x4 ./Core/Src/global.o
                0x2000013c                uart_press
 .bss.hi2c1     0x20000140       0x54 ./Core/Src/main.o
                0x20000140                hi2c1
 .bss.htim2     0x20000194       0x48 ./Core/Src/main.o
                0x20000194                htim2
 .bss.huart2    0x200001dc       0x48 ./Core/Src/main.o
                0x200001dc                huart2
 .bss.rx_idx    0x20000224        0x1 ./Core/Src/main.o
                0x20000224                rx_idx
 *fill*         0x20000225        0x3 
 .bss.rx_data   0x20000228        0x6 ./Core/Src/main.o
                0x20000228                rx_data
 *fill*         0x2000022e        0x2 
 .bss.rx_buffer
                0x20000230       0x64 ./Core/Src/main.o
                0x20000230                rx_buffer
 .bss.transfer_clpt
                0x20000294        0x1 ./Core/Src/main.o
                0x20000294                transfer_clpt
 *fill*         0x20000295        0x3 
 .bss.SCH_tasks_G
                0x20000298      0x320 ./Core/Src/scheduler.o
 .bss.Error_code_G
                0x200005b8        0x1 ./Core/Src/scheduler.o
                0x200005b8                Error_code_G
 .bss.Error_port
                0x200005b9        0x1 ./Core/Src/scheduler.o
                0x200005b9                Error_port
 .bss.Last_error_code_G
                0x200005ba        0x1 ./Core/Src/scheduler.o
                0x200005ba                Last_error_code_G
 *fill*         0x200005bb        0x1 
 .bss.Error_tick_count_G
                0x200005bc        0x4 ./Core/Src/scheduler.o
                0x200005bc                Error_tick_count_G
 .bss.__sbrk_heap_end
                0x200005c0        0x4 ./Core/Src/sysmem.o
 .bss.uwTick    0x200005c4        0x4 ./Drivers/STM32F1xx_HAL_Driver/Src/stm32f1xx_hal.o
                0x200005c4                uwTick
 .bss.__sf      0x200005c8      0x138 E:/ST/STM32CubeIDE_1.16.0/STM32CubeIDE/plugins/com.st.stm32cube.ide.mcu.externaltools.gnu-tools-for-stm32.12.3.rel1.win32_1.0.200.202406191623/tools/bin/../lib/gcc/arm-none-eabi/12.3.1/../../../../arm-none-eabi/lib/thumb/v7-m/nofp\libc_nano.a(libc_a-findfp.o)
                0x200005c8                __sf
 .bss.errno     0x20000700        0x4 E:/ST/STM32CubeIDE_1.16.0/STM32CubeIDE/plugins/com.st.stm32cube.ide.mcu.externaltools.gnu-tools-for-stm32.12.3.rel1.win32_1.0.200.202406191623/tools/bin/../lib/gcc/arm-none-eabi/12.3.1/../../../../arm-none-eabi/lib/thumb/v7-m/nofp\libc_nano.a(libc_a-reent.o)
                0x20000700                errno
 .bss.__lock___malloc_recursive_mutex
                0x20000704        0x1 E:/ST/STM32CubeIDE_1.16.0/STM32CubeIDE/plugins/com.st.stm32cube.ide.mcu.externaltools.gnu-tools-for-stm32.12.3.rel1.win32_1.0.200.202406191623/tools/bin/../lib/gcc/arm-none-eabi/12.3.1/../../../../arm-none-eabi/lib/thumb/v7-m/nofp\libc_nano.a(libc_a-lock.o)
                0x20000704                __lock___malloc_recursive_mutex
 *fill*         0x20000705        0x3 
 .bss.__malloc_sbrk_start
                0x20000708        0x4 E:/ST/STM32CubeIDE_1.16.0/STM32CubeIDE/plugins/com.st.stm32cube.ide.mcu.externaltools.gnu-tools-for-stm32.12.3.rel1.win32_1.0.200.202406191623/tools/bin/../lib/gcc/arm-none-eabi/12.3.1/../../../../arm-none-eabi/lib/thumb/v7-m/nofp\libc_nano.a(libc_a-mallocr.o)
                0x20000708                __malloc_sbrk_start
 .bss.__malloc_free_list
                0x2000070c        0x4 E:/ST/STM32CubeIDE_1.16.0/STM32CubeIDE/plugins/com.st.stm32cube.ide.mcu.externaltools.gnu-tools-for-stm32.12.3.rel1.win32_1.0.200.202406191623/tools/bin/../lib/gcc/arm-none-eabi/12.3.1/../../../../arm-none-eabi/lib/thumb/v7-m/nofp\libc_nano.a(libc_a-mallocr.o)
                0x2000070c                __malloc_free_list
 *(COMMON)
                0x20000710                        . = ALIGN (0x4)
                0x20000710                        _ebss = .
                0x20000710                        __bss_end__ = _ebss

._user_heap_stack
                0x20000710      0x600 load address 0x080055d0
                0x20000710                        . = ALIGN (0x8)
                [!provide]                        PROVIDE (end = .)
                0x20000710                        PROVIDE (_end = .)
                0x20000910                        . = (. + _Min_Heap_Size)
 *fill*         0x20000710      0x200 
                0x20000d10                        . = (. + _Min_Stack_Size)
 *fill*         0x20000910      0x400 
                0x20000d10                        . = ALIGN (0x8)

/DISCARD/
 libc.a(*)
 libm.a(*)
 libgcc.a(*)

.ARM.attributes
                0x00000000       0x29
 *(.ARM.attributes)
 .ARM.attributes
                0x00000000       0x1d E:/ST/STM32CubeIDE_1.16.0/STM32CubeIDE/plugins/com.st.stm32cube.ide.mcu.externaltools.gnu-tools-for-stm32.12.3.rel1.win32_1.0.200.202406191623/tools/bin/../lib/gcc/arm-none-eabi/12.3.1/thumb/v7-m/nofp/crti.o
 .ARM.attributes
                0x0000001d       0x2d E:/ST/STM32CubeIDE_1.16.0/STM32CubeIDE/plugins/com.st.stm32cube.ide.mcu.externaltools.gnu-tools-for-stm32.12.3.rel1.win32_1.0.200.202406191623/tools/bin/../lib/gcc/arm-none-eabi/12.3.1/thumb/v7-m/nofp/crtbegin.o
 .ARM.attributes
                0x0000004a       0x2d ./Core/Src/button.o
 .ARM.attributes
                0x00000077       0x2d ./Core/Src/fsm_automatic.o
 .ARM.attributes
                0x000000a4       0x2d ./Core/Src/fsm_manual.o
 .ARM.attributes
                0x000000d1       0x2d ./Core/Src/fsm_setting.o
 .ARM.attributes
                0x000000fe       0x2d ./Core/Src/global.o
 .ARM.attributes
                0x0000012b       0x2d ./Core/Src/i2c-lcd.o
 .ARM.attributes
                0x00000158       0x2d ./Core/Src/main.o
 .ARM.attributes
                0x00000185       0x2d ./Core/Src/scheduler.o
 .ARM.attributes
                0x000001b2       0x2d ./Core/Src/stm32f1xx_hal_msp.o
 .ARM.attributes
                0x000001df       0x2d ./Core/Src/stm32f1xx_it.o
 .ARM.attributes
                0x0000020c       0x2d ./Core/Src/sysmem.o
 .ARM.attributes
                0x00000239       0x2d ./Core/Src/system_stm32f1xx.o
 .ARM.attributes
                0x00000266       0x21 ./Core/Startup/startup_stm32f103rbtx.o
 .ARM.attributes
                0x00000287       0x2d ./Drivers/STM32F1xx_HAL_Driver/Src/stm32f1xx_hal.o
 .ARM.attributes
                0x000002b4       0x2d ./Drivers/STM32F1xx_HAL_Driver/Src/stm32f1xx_hal_cortex.o
 .ARM.attributes
                0x000002e1       0x2d ./Drivers/STM32F1xx_HAL_Driver/Src/stm32f1xx_hal_dma.o
 .ARM.attributes
                0x0000030e       0x2d ./Drivers/STM32F1xx_HAL_Driver/Src/stm32f1xx_hal_gpio.o
 .ARM.attributes
                0x0000033b       0x2d ./Drivers/STM32F1xx_HAL_Driver/Src/stm32f1xx_hal_i2c.o
 .ARM.attributes
                0x00000368       0x2d ./Drivers/STM32F1xx_HAL_Driver/Src/stm32f1xx_hal_rcc.o
 .ARM.attributes
                0x00000395       0x2d ./Drivers/STM32F1xx_HAL_Driver/Src/stm32f1xx_hal_tim.o
 .ARM.attributes
                0x000003c2       0x2d ./Drivers/STM32F1xx_HAL_Driver/Src/stm32f1xx_hal_tim_ex.o
 .ARM.attributes
                0x000003ef       0x2d ./Drivers/STM32F1xx_HAL_Driver/Src/stm32f1xx_hal_uart.o
 .ARM.attributes
                0x0000041c       0x2d E:/ST/STM32CubeIDE_1.16.0/STM32CubeIDE/plugins/com.st.stm32cube.ide.mcu.externaltools.gnu-tools-for-stm32.12.3.rel1.win32_1.0.200.202406191623/tools/bin/../lib/gcc/arm-none-eabi/12.3.1/../../../../arm-none-eabi/lib/thumb/v7-m/nofp\libc_nano.a(libc_a-findfp.o)
 .ARM.attributes
                0x00000449       0x2d E:/ST/STM32CubeIDE_1.16.0/STM32CubeIDE/plugins/com.st.stm32cube.ide.mcu.externaltools.gnu-tools-for-stm32.12.3.rel1.win32_1.0.200.202406191623/tools/bin/../lib/gcc/arm-none-eabi/12.3.1/../../../../arm-none-eabi/lib/thumb/v7-m/nofp\libc_nano.a(libc_a-sprintf.o)
 .ARM.attributes
                0x00000476       0x2d E:/ST/STM32CubeIDE_1.16.0/STM32CubeIDE/plugins/com.st.stm32cube.ide.mcu.externaltools.gnu-tools-for-stm32.12.3.rel1.win32_1.0.200.202406191623/tools/bin/../lib/gcc/arm-none-eabi/12.3.1/../../../../arm-none-eabi/lib/thumb/v7-m/nofp\libc_nano.a(libc_a-memset.o)
 .ARM.attributes
                0x000004a3       0x2d E:/ST/STM32CubeIDE_1.16.0/STM32CubeIDE/plugins/com.st.stm32cube.ide.mcu.externaltools.gnu-tools-for-stm32.12.3.rel1.win32_1.0.200.202406191623/tools/bin/../lib/gcc/arm-none-eabi/12.3.1/../../../../arm-none-eabi/lib/thumb/v7-m/nofp\libc_nano.a(libc_a-strcat.o)
 .ARM.attributes
                0x000004d0       0x2d E:/ST/STM32CubeIDE_1.16.0/STM32CubeIDE/plugins/com.st.stm32cube.ide.mcu.externaltools.gnu-tools-for-stm32.12.3.rel1.win32_1.0.200.202406191623/tools/bin/../lib/gcc/arm-none-eabi/12.3.1/../../../../arm-none-eabi/lib/thumb/v7-m/nofp\libc_nano.a(libc_a-reent.o)
 .ARM.attributes
                0x000004fd       0x2d E:/ST/STM32CubeIDE_1.16.0/STM32CubeIDE/plugins/com.st.stm32cube.ide.mcu.externaltools.gnu-tools-for-stm32.12.3.rel1.win32_1.0.200.202406191623/tools/bin/../lib/gcc/arm-none-eabi/12.3.1/../../../../arm-none-eabi/lib/thumb/v7-m/nofp\libc_nano.a(libc_a-impure.o)
 .ARM.attributes
                0x0000052a       0x2d E:/ST/STM32CubeIDE_1.16.0/STM32CubeIDE/plugins/com.st.stm32cube.ide.mcu.externaltools.gnu-tools-for-stm32.12.3.rel1.win32_1.0.200.202406191623/tools/bin/../lib/gcc/arm-none-eabi/12.3.1/../../../../arm-none-eabi/lib/thumb/v7-m/nofp\libc_nano.a(libc_a-errno.o)
 .ARM.attributes
                0x00000557       0x2d E:/ST/STM32CubeIDE_1.16.0/STM32CubeIDE/plugins/com.st.stm32cube.ide.mcu.externaltools.gnu-tools-for-stm32.12.3.rel1.win32_1.0.200.202406191623/tools/bin/../lib/gcc/arm-none-eabi/12.3.1/../../../../arm-none-eabi/lib/thumb/v7-m/nofp\libc_nano.a(libc_a-init.o)
 .ARM.attributes
                0x00000584       0x2d E:/ST/STM32CubeIDE_1.16.0/STM32CubeIDE/plugins/com.st.stm32cube.ide.mcu.externaltools.gnu-tools-for-stm32.12.3.rel1.win32_1.0.200.202406191623/tools/bin/../lib/gcc/arm-none-eabi/12.3.1/../../../../arm-none-eabi/lib/thumb/v7-m/nofp\libc_nano.a(libc_a-lock.o)
 .ARM.attributes
                0x000005b1       0x1b E:/ST/STM32CubeIDE_1.16.0/STM32CubeIDE/plugins/com.st.stm32cube.ide.mcu.externaltools.gnu-tools-for-stm32.12.3.rel1.win32_1.0.200.202406191623/tools/bin/../lib/gcc/arm-none-eabi/12.3.1/../../../../arm-none-eabi/lib/thumb/v7-m/nofp\libc_nano.a(libc_a-strcmp.o)
 .ARM.attributes
                0x000005cc       0x17 E:/ST/STM32CubeIDE_1.16.0/STM32CubeIDE/plugins/com.st.stm32cube.ide.mcu.externaltools.gnu-tools-for-stm32.12.3.rel1.win32_1.0.200.202406191623/tools/bin/../lib/gcc/arm-none-eabi/12.3.1/../../../../arm-none-eabi/lib/thumb/v7-m/nofp\libc_nano.a(libc_a-strlen.o)
 .ARM.attributes
                0x000005e3       0x2d E:/ST/STM32CubeIDE_1.16.0/STM32CubeIDE/plugins/com.st.stm32cube.ide.mcu.externaltools.gnu-tools-for-stm32.12.3.rel1.win32_1.0.200.202406191623/tools/bin/../lib/gcc/arm-none-eabi/12.3.1/../../../../arm-none-eabi/lib/thumb/v7-m/nofp\libc_nano.a(libc_a-freer.o)
 .ARM.attributes
                0x00000610       0x2d E:/ST/STM32CubeIDE_1.16.0/STM32CubeIDE/plugins/com.st.stm32cube.ide.mcu.externaltools.gnu-tools-for-stm32.12.3.rel1.win32_1.0.200.202406191623/tools/bin/../lib/gcc/arm-none-eabi/12.3.1/../../../../arm-none-eabi/lib/thumb/v7-m/nofp\libc_nano.a(libc_a-mallocr.o)
 .ARM.attributes
                0x0000063d       0x2d E:/ST/STM32CubeIDE_1.16.0/STM32CubeIDE/plugins/com.st.stm32cube.ide.mcu.externaltools.gnu-tools-for-stm32.12.3.rel1.win32_1.0.200.202406191623/tools/bin/../lib/gcc/arm-none-eabi/12.3.1/../../../../arm-none-eabi/lib/thumb/v7-m/nofp\libc_nano.a(libc_a-mlock.o)
 .ARM.attributes
                0x0000066a       0x2d E:/ST/STM32CubeIDE_1.16.0/STM32CubeIDE/plugins/com.st.stm32cube.ide.mcu.externaltools.gnu-tools-for-stm32.12.3.rel1.win32_1.0.200.202406191623/tools/bin/../lib/gcc/arm-none-eabi/12.3.1/../../../../arm-none-eabi/lib/thumb/v7-m/nofp\libc_nano.a(libc_a-nano-svfprintf.o)
 .ARM.attributes
                0x00000697       0x2d E:/ST/STM32CubeIDE_1.16.0/STM32CubeIDE/plugins/com.st.stm32cube.ide.mcu.externaltools.gnu-tools-for-stm32.12.3.rel1.win32_1.0.200.202406191623/tools/bin/../lib/gcc/arm-none-eabi/12.3.1/../../../../arm-none-eabi/lib/thumb/v7-m/nofp\libc_nano.a(libc_a-nano-vfprintf_i.o)
 .ARM.attributes
                0x000006c4       0x2d E:/ST/STM32CubeIDE_1.16.0/STM32CubeIDE/plugins/com.st.stm32cube.ide.mcu.externaltools.gnu-tools-for-stm32.12.3.rel1.win32_1.0.200.202406191623/tools/bin/../lib/gcc/arm-none-eabi/12.3.1/../../../../arm-none-eabi/lib/thumb/v7-m/nofp\libc_nano.a(libc_a-memmove.o)
 .ARM.attributes
                0x000006f1       0x2d E:/ST/STM32CubeIDE_1.16.0/STM32CubeIDE/plugins/com.st.stm32cube.ide.mcu.externaltools.gnu-tools-for-stm32.12.3.rel1.win32_1.0.200.202406191623/tools/bin/../lib/gcc/arm-none-eabi/12.3.1/../../../../arm-none-eabi/lib/thumb/v7-m/nofp\libc_nano.a(libc_a-sbrkr.o)
 .ARM.attributes
                0x0000071e       0x2d E:/ST/STM32CubeIDE_1.16.0/STM32CubeIDE/plugins/com.st.stm32cube.ide.mcu.externaltools.gnu-tools-for-stm32.12.3.rel1.win32_1.0.200.202406191623/tools/bin/../lib/gcc/arm-none-eabi/12.3.1/../../../../arm-none-eabi/lib/thumb/v7-m/nofp\libc_nano.a(libc_a-memchr-stub.o)
 .ARM.attributes
                0x0000074b       0x2d E:/ST/STM32CubeIDE_1.16.0/STM32CubeIDE/plugins/com.st.stm32cube.ide.mcu.externaltools.gnu-tools-for-stm32.12.3.rel1.win32_1.0.200.202406191623/tools/bin/../lib/gcc/arm-none-eabi/12.3.1/../../../../arm-none-eabi/lib/thumb/v7-m/nofp\libc_nano.a(libc_a-memcpy-stub.o)
 .ARM.attributes
                0x00000778       0x2d E:/ST/STM32CubeIDE_1.16.0/STM32CubeIDE/plugins/com.st.stm32cube.ide.mcu.externaltools.gnu-tools-for-stm32.12.3.rel1.win32_1.0.200.202406191623/tools/bin/../lib/gcc/arm-none-eabi/12.3.1/../../../../arm-none-eabi/lib/thumb/v7-m/nofp\libc_nano.a(libc_a-reallocr.o)
 .ARM.attributes
                0x000007a5       0x2d E:/ST/STM32CubeIDE_1.16.0/STM32CubeIDE/plugins/com.st.stm32cube.ide.mcu.externaltools.gnu-tools-for-stm32.12.3.rel1.win32_1.0.200.202406191623/tools/bin/../lib/gcc/arm-none-eabi/12.3.1/../../../../arm-none-eabi/lib/thumb/v7-m/nofp\libc_nano.a(libc_a-msizer.o)
 .ARM.attributes
                0x000007d2       0x1d E:/ST/STM32CubeIDE_1.16.0/STM32CubeIDE/plugins/com.st.stm32cube.ide.mcu.externaltools.gnu-tools-for-stm32.12.3.rel1.win32_1.0.200.202406191623/tools/bin/../lib/gcc/arm-none-eabi/12.3.1/thumb/v7-m/nofp/crtn.o
OUTPUT(VXL_DEMO.elf elf32-littlearm)
LOAD linker stubs
LOAD E:/ST/STM32CubeIDE_1.16.0/STM32CubeIDE/plugins/com.st.stm32cube.ide.mcu.externaltools.gnu-tools-for-stm32.12.3.rel1.win32_1.0.200.202406191623/tools/bin/../lib/gcc/arm-none-eabi/12.3.1/../../../../arm-none-eabi/lib/thumb/v7-m/nofp\libc.a
LOAD E:/ST/STM32CubeIDE_1.16.0/STM32CubeIDE/plugins/com.st.stm32cube.ide.mcu.externaltools.gnu-tools-for-stm32.12.3.rel1.win32_1.0.200.202406191623/tools/bin/../lib/gcc/arm-none-eabi/12.3.1/../../../../arm-none-eabi/lib/thumb/v7-m/nofp\libm.a
LOAD E:/ST/STM32CubeIDE_1.16.0/STM32CubeIDE/plugins/com.st.stm32cube.ide.mcu.externaltools.gnu-tools-for-stm32.12.3.rel1.win32_1.0.200.202406191623/tools/bin/../lib/gcc/arm-none-eabi/12.3.1/thumb/v7-m/nofp\libgcc.a

.debug_info     0x00000000    0x105ab
 .debug_info    0x00000000      0x2cc ./Core/Src/button.o
 .debug_info    0x000002cc      0x741 ./Core/Src/fsm_automatic.o
 .debug_info    0x00000a0d      0x1f3 ./Core/Src/fsm_manual.o
 .debug_info    0x00000c00      0x35c ./Core/Src/fsm_setting.o
 .debug_info    0x00000f5c      0x46a ./Core/Src/global.o
 .debug_info    0x000013c6      0x721 ./Core/Src/i2c-lcd.o
 .debug_info    0x00001ae7     0x12dc ./Core/Src/main.o
 .debug_info    0x00002dc3      0x298 ./Core/Src/scheduler.o
 .debug_info    0x0000305b     0x1068 ./Core/Src/stm32f1xx_hal_msp.o
 .debug_info    0x000040c3      0x94c ./Core/Src/stm32f1xx_it.o
 .debug_info    0x00004a0f      0x168 ./Core/Src/sysmem.o
 .debug_info    0x00004b77      0x222 ./Core/Src/system_stm32f1xx.o
 .debug_info    0x00004d99       0x30 ./Core/Startup/startup_stm32f103rbtx.o
 .debug_info    0x00004dc9      0x704 ./Drivers/STM32F1xx_HAL_Driver/Src/stm32f1xx_hal.o
 .debug_info    0x000054cd      0xa87 ./Drivers/STM32F1xx_HAL_Driver/Src/stm32f1xx_hal_cortex.o
 .debug_info    0x00005f54      0x6d2 ./Drivers/STM32F1xx_HAL_Driver/Src/stm32f1xx_hal_dma.o
 .debug_info    0x00006626      0x5ab ./Drivers/STM32F1xx_HAL_Driver/Src/stm32f1xx_hal_gpio.o
 .debug_info    0x00006bd1     0x2524 ./Drivers/STM32F1xx_HAL_Driver/Src/stm32f1xx_hal_i2c.o
 .debug_info    0x000090f5      0x7d5 ./Drivers/STM32F1xx_HAL_Driver/Src/stm32f1xx_hal_rcc.o
 .debug_info    0x000098ca     0x2959 ./Drivers/STM32F1xx_HAL_Driver/Src/stm32f1xx_hal_tim.o
 .debug_info    0x0000c223     0x149b ./Drivers/STM32F1xx_HAL_Driver/Src/stm32f1xx_hal_tim_ex.o
 .debug_info    0x0000d6be     0x2eed ./Drivers/STM32F1xx_HAL_Driver/Src/stm32f1xx_hal_uart.o

.debug_abbrev   0x00000000     0x29d5
 .debug_abbrev  0x00000000      0x1bf ./Core/Src/button.o
 .debug_abbrev  0x000001bf      0x1d0 ./Core/Src/fsm_automatic.o
 .debug_abbrev  0x0000038f       0xfa ./Core/Src/fsm_manual.o
 .debug_abbrev  0x00000489      0x190 ./Core/Src/fsm_setting.o
 .debug_abbrev  0x00000619      0x198 ./Core/Src/global.o
 .debug_abbrev  0x000007b1      0x1d3 ./Core/Src/i2c-lcd.o
 .debug_abbrev  0x00000984      0x334 ./Core/Src/main.o
 .debug_abbrev  0x00000cb8      0x171 ./Core/Src/scheduler.o
 .debug_abbrev  0x00000e29      0x1dd ./Core/Src/stm32f1xx_hal_msp.o
 .debug_abbrev  0x00001006      0x19b ./Core/Src/stm32f1xx_it.o
 .debug_abbrev  0x000011a1       0xbc ./Core/Src/sysmem.o
 .debug_abbrev  0x0000125d      0x13f ./Core/Src/system_stm32f1xx.o
 .debug_abbrev  0x0000139c       0x24 ./Core/Startup/startup_stm32f103rbtx.o
 .debug_abbrev  0x000013c0      0x201 ./Drivers/STM32F1xx_HAL_Driver/Src/stm32f1xx_hal.o
 .debug_abbrev  0x000015c1      0x2f8 ./Drivers/STM32F1xx_HAL_Driver/Src/stm32f1xx_hal_cortex.o
 .debug_abbrev  0x000018b9      0x20b ./Drivers/STM32F1xx_HAL_Driver/Src/stm32f1xx_hal_dma.o
 .debug_abbrev  0x00001ac4      0x1ca ./Drivers/STM32F1xx_HAL_Driver/Src/stm32f1xx_hal_gpio.o
 .debug_abbrev  0x00001c8e      0x2a3 ./Drivers/STM32F1xx_HAL_Driver/Src/stm32f1xx_hal_i2c.o
 .debug_abbrev  0x00001f31      0x2b3 ./Drivers/STM32F1xx_HAL_Driver/Src/stm32f1xx_hal_rcc.o
 .debug_abbrev  0x000021e4      0x277 ./Drivers/STM32F1xx_HAL_Driver/Src/stm32f1xx_hal_tim.o
 .debug_abbrev  0x0000245b      0x282 ./Drivers/STM32F1xx_HAL_Driver/Src/stm32f1xx_hal_tim_ex.o
 .debug_abbrev  0x000026dd      0x2f8 ./Drivers/STM32F1xx_HAL_Driver/Src/stm32f1xx_hal_uart.o

.debug_aranges  0x00000000     0x1060
 .debug_aranges
                0x00000000       0x38 ./Core/Src/button.o
 .debug_aranges
                0x00000038       0x20 ./Core/Src/fsm_automatic.o
 .debug_aranges
                0x00000058       0x20 ./Core/Src/fsm_manual.o
 .debug_aranges
                0x00000078       0x20 ./Core/Src/fsm_setting.o
 .debug_aranges
                0x00000098       0x70 ./Core/Src/global.o
 .debug_aranges
                0x00000108       0x48 ./Core/Src/i2c-lcd.o
 .debug_aranges
                0x00000150       0x60 ./Core/Src/main.o
 .debug_aranges
                0x000001b0       0x50 ./Core/Src/scheduler.o
 .debug_aranges
                0x00000200       0x50 ./Core/Src/stm32f1xx_hal_msp.o
 .debug_aranges
                0x00000250       0x70 ./Core/Src/stm32f1xx_it.o
 .debug_aranges
                0x000002c0       0x20 ./Core/Src/sysmem.o
 .debug_aranges
                0x000002e0       0x28 ./Core/Src/system_stm32f1xx.o
 .debug_aranges
                0x00000308       0x28 ./Core/Startup/startup_stm32f103rbtx.o
 .debug_aranges
                0x00000330       0xe0 ./Drivers/STM32F1xx_HAL_Driver/Src/stm32f1xx_hal.o
 .debug_aranges
                0x00000410      0x100 ./Drivers/STM32F1xx_HAL_Driver/Src/stm32f1xx_hal_cortex.o
 .debug_aranges
                0x00000510       0x80 ./Drivers/STM32F1xx_HAL_Driver/Src/stm32f1xx_hal_dma.o
 .debug_aranges
                0x00000590       0x58 ./Drivers/STM32F1xx_HAL_Driver/Src/stm32f1xx_hal_gpio.o
 .debug_aranges
                0x000005e8      0x2a8 ./Drivers/STM32F1xx_HAL_Driver/Src/stm32f1xx_hal_i2c.o
 .debug_aranges
                0x00000890       0x90 ./Drivers/STM32F1xx_HAL_Driver/Src/stm32f1xx_hal_rcc.o
 .debug_aranges
                0x00000920      0x3d0 ./Drivers/STM32F1xx_HAL_Driver/Src/stm32f1xx_hal_tim.o
 .debug_aranges
                0x00000cf0      0x168 ./Drivers/STM32F1xx_HAL_Driver/Src/stm32f1xx_hal_tim_ex.o
 .debug_aranges
                0x00000e58      0x208 ./Drivers/STM32F1xx_HAL_Driver/Src/stm32f1xx_hal_uart.o

.debug_rnglists
                0x00000000      0xcd6
 .debug_rnglists
                0x00000000       0x26 ./Core/Src/button.o
 .debug_rnglists
                0x00000026       0x14 ./Core/Src/fsm_automatic.o
 .debug_rnglists
                0x0000003a       0x14 ./Core/Src/fsm_manual.o
 .debug_rnglists
                0x0000004e       0x14 ./Core/Src/fsm_setting.o
 .debug_rnglists
                0x00000062       0x50 ./Core/Src/global.o
 .debug_rnglists
                0x000000b2       0x31 ./Core/Src/i2c-lcd.o
 .debug_rnglists
                0x000000e3       0x46 ./Core/Src/main.o
 .debug_rnglists
                0x00000129       0x3b ./Core/Src/scheduler.o
 .debug_rnglists
                0x00000164       0x39 ./Core/Src/stm32f1xx_hal_msp.o
 .debug_rnglists
                0x0000019d       0x4f ./Core/Src/stm32f1xx_it.o
 .debug_rnglists
                0x000001ec       0x13 ./Core/Src/sysmem.o
 .debug_rnglists
                0x000001ff       0x1a ./Core/Src/system_stm32f1xx.o
 .debug_rnglists
                0x00000219       0x19 ./Core/Startup/startup_stm32f103rbtx.o
 .debug_rnglists
                0x00000232       0xa3 ./Drivers/STM32F1xx_HAL_Driver/Src/stm32f1xx_hal.o
 .debug_rnglists
                0x000002d5       0xbb ./Drivers/STM32F1xx_HAL_Driver/Src/stm32f1xx_hal_cortex.o
 .debug_rnglists
                0x00000390       0x64 ./Drivers/STM32F1xx_HAL_Driver/Src/stm32f1xx_hal_dma.o
 .debug_rnglists
                0x000003f4       0x3f ./Drivers/STM32F1xx_HAL_Driver/Src/stm32f1xx_hal_gpio.o
 .debug_rnglists
                0x00000433      0x23c ./Drivers/STM32F1xx_HAL_Driver/Src/stm32f1xx_hal_i2c.o
 .debug_rnglists
                0x0000066f       0x6c ./Drivers/STM32F1xx_HAL_Driver/Src/stm32f1xx_hal_rcc.o
 .debug_rnglists
                0x000006db      0x31a ./Drivers/STM32F1xx_HAL_Driver/Src/stm32f1xx_hal_tim.o
 .debug_rnglists
                0x000009f5      0x125 ./Drivers/STM32F1xx_HAL_Driver/Src/stm32f1xx_hal_tim_ex.o
 .debug_rnglists
                0x00000b1a      0x1bc ./Drivers/STM32F1xx_HAL_Driver/Src/stm32f1xx_hal_uart.o

.debug_macro    0x00000000    0x19211
 .debug_macro   0x00000000      0x1c6 ./Core/Src/button.o
 .debug_macro   0x000001c6      0xaa8 ./Core/Src/button.o
 .debug_macro   0x00000c6e      0x221 ./Core/Src/button.o
 .debug_macro   0x00000e8f       0x2e ./Core/Src/button.o
 .debug_macro   0x00000ebd       0x22 ./Core/Src/button.o
 .debug_macro   0x00000edf       0x22 ./Core/Src/button.o
 .debug_macro   0x00000f01       0x8e ./Core/Src/button.o
 .debug_macro   0x00000f8f       0x51 ./Core/Src/button.o
 .debug_macro   0x00000fe0      0x103 ./Core/Src/button.o
 .debug_macro   0x000010e3       0x6a ./Core/Src/button.o
 .debug_macro   0x0000114d      0x1df ./Core/Src/button.o
 .debug_macro   0x0000132c       0x1c ./Core/Src/button.o
 .debug_macro   0x00001348       0x22 ./Core/Src/button.o
 .debug_macro   0x0000136a       0xbd ./Core/Src/button.o
 .debug_macro   0x00001427      0xd23 ./Core/Src/button.o
 .debug_macro   0x0000214a     0xe09e ./Core/Src/button.o
 .debug_macro   0x000101e8       0x6d ./Core/Src/button.o
 .debug_macro   0x00010255     0x34a2 ./Core/Src/button.o
 .debug_macro   0x000136f7      0x189 ./Core/Src/button.o
 .debug_macro   0x00013880       0x5c ./Core/Src/button.o
 .debug_macro   0x000138dc      0x5bc ./Core/Src/button.o
 .debug_macro   0x00013e98      0x289 ./Core/Src/button.o
 .debug_macro   0x00014121      0x1cb ./Core/Src/button.o
 .debug_macro   0x000142ec      0x114 ./Core/Src/button.o
 .debug_macro   0x00014400      0x1b2 ./Core/Src/button.o
 .debug_macro   0x000145b2       0x27 ./Core/Src/button.o
 .debug_macro   0x000145d9      0x136 ./Core/Src/button.o
 .debug_macro   0x0001470f      0x1bc ./Core/Src/button.o
 .debug_macro   0x000148cb       0x34 ./Core/Src/button.o
 .debug_macro   0x000148ff       0x3c ./Core/Src/button.o
 .debug_macro   0x0001493b       0x57 ./Core/Src/button.o
 .debug_macro   0x00014992       0x87 ./Core/Src/button.o
 .debug_macro   0x00014a19      0x240 ./Core/Src/button.o
 .debug_macro   0x00014c59      0x287 ./Core/Src/button.o
 .debug_macro   0x00014ee0      0x140 ./Core/Src/button.o
 .debug_macro   0x00015020      0x8ed ./Core/Src/button.o
 .debug_macro   0x0001590d      0x28e ./Core/Src/button.o
 .debug_macro   0x00015b9b       0x83 ./Core/Src/button.o
 .debug_macro   0x00015c1e       0x1c ./Core/Src/button.o
 .debug_macro   0x00015c3a      0x304 ./Core/Src/fsm_automatic.o
 .debug_macro   0x00015f3e       0x22 ./Core/Src/fsm_automatic.o
 .debug_macro   0x00015f60       0x64 ./Core/Src/fsm_automatic.o
 .debug_macro   0x00015fc4       0x61 ./Core/Src/fsm_automatic.o
 .debug_macro   0x00016025       0x24 ./Core/Src/fsm_automatic.o
 .debug_macro   0x00016049       0x43 ./Core/Src/fsm_automatic.o
 .debug_macro   0x0001608c       0x34 ./Core/Src/fsm_automatic.o
 .debug_macro   0x000160c0       0x16 ./Core/Src/fsm_automatic.o
 .debug_macro   0x000160d6       0x43 ./Core/Src/fsm_automatic.o
 .debug_macro   0x00016119       0x34 ./Core/Src/fsm_automatic.o
 .debug_macro   0x0001614d       0x10 ./Core/Src/fsm_automatic.o
 .debug_macro   0x0001615d       0x58 ./Core/Src/fsm_automatic.o
 .debug_macro   0x000161b5       0x8e ./Core/Src/fsm_automatic.o
 .debug_macro   0x00016243       0x1c ./Core/Src/fsm_automatic.o
 .debug_macro   0x0001625f      0x177 ./Core/Src/fsm_automatic.o
 .debug_macro   0x000163d6      0x369 ./Core/Src/fsm_automatic.o
 .debug_macro   0x0001673f       0x10 ./Core/Src/fsm_automatic.o
 .debug_macro   0x0001674f       0x35 ./Core/Src/fsm_automatic.o
 .debug_macro   0x00016784       0x20 ./Core/Src/fsm_automatic.o
 .debug_macro   0x000167a4       0x1c ./Core/Src/fsm_automatic.o
 .debug_macro   0x000167c0       0x10 ./Core/Src/fsm_automatic.o
 .debug_macro   0x000167d0       0x1c ./Core/Src/fsm_automatic.o
 .debug_macro   0x000167ec       0x16 ./Core/Src/fsm_automatic.o
 .debug_macro   0x00016802      0x146 ./Core/Src/fsm_automatic.o
 .debug_macro   0x00016948       0x76 ./Core/Src/fsm_automatic.o
 .debug_macro   0x000169be      0x304 ./Core/Src/fsm_manual.o
 .debug_macro   0x00016cc2      0x304 ./Core/Src/fsm_setting.o
 .debug_macro   0x00016fc6      0x300 ./Core/Src/global.o
 .debug_macro   0x000172c6      0x1b7 ./Core/Src/i2c-lcd.o
 .debug_macro   0x0001747d      0x30a ./Core/Src/main.o
 .debug_macro   0x00017787      0x1c6 ./Core/Src/scheduler.o
 .debug_macro   0x0001794d       0x5e ./Core/Src/scheduler.o
 .debug_macro   0x000179ab      0x1b7 ./Core/Src/stm32f1xx_hal_msp.o
 .debug_macro   0x00017b62      0x1c1 ./Core/Src/stm32f1xx_it.o
 .debug_macro   0x00017d23       0xff ./Core/Src/sysmem.o
 .debug_macro   0x00017e22      0x23c ./Core/Src/sysmem.o
 .debug_macro   0x0001805e      0x1ad ./Core/Src/system_stm32f1xx.o
 .debug_macro   0x0001820b      0x1d1 ./Drivers/STM32F1xx_HAL_Driver/Src/stm32f1xx_hal.o
 .debug_macro   0x000183dc      0x1ad ./Drivers/STM32F1xx_HAL_Driver/Src/stm32f1xx_hal_cortex.o
 .debug_macro   0x00018589      0x1ad ./Drivers/STM32F1xx_HAL_Driver/Src/stm32f1xx_hal_dma.o
 .debug_macro   0x00018736      0x218 ./Drivers/STM32F1xx_HAL_Driver/Src/stm32f1xx_hal_gpio.o
 .debug_macro   0x0001894e      0x1fb ./Drivers/STM32F1xx_HAL_Driver/Src/stm32f1xx_hal_i2c.o
 .debug_macro   0x00018b49      0x1bf ./Drivers/STM32F1xx_HAL_Driver/Src/stm32f1xx_hal_rcc.o
 .debug_macro   0x00018d08      0x1ae ./Drivers/STM32F1xx_HAL_Driver/Src/stm32f1xx_hal_tim.o
 .debug_macro   0x00018eb6      0x1ad ./Drivers/STM32F1xx_HAL_Driver/Src/stm32f1xx_hal_tim_ex.o
 .debug_macro   0x00019063      0x1ae ./Drivers/STM32F1xx_HAL_Driver/Src/stm32f1xx_hal_uart.o

.debug_line     0x00000000    0x1597b
 .debug_line    0x00000000      0x7f4 ./Core/Src/button.o
 .debug_line    0x000007f4      0xa53 ./Core/Src/fsm_automatic.o
 .debug_line    0x00001247      0xa4d ./Core/Src/fsm_manual.o
 .debug_line    0x00001c94      0xa86 ./Core/Src/fsm_setting.o
 .debug_line    0x0000271a      0xa1a ./Core/Src/global.o
 .debug_line    0x00003134      0x7d8 ./Core/Src/i2c-lcd.o
 .debug_line    0x0000390c      0xb45 ./Core/Src/main.o
 .debug_line    0x00004451      0x8b8 ./Core/Src/scheduler.o
 .debug_line    0x00004d09      0x7f9 ./Core/Src/stm32f1xx_hal_msp.o
 .debug_line    0x00005502      0x80e ./Core/Src/stm32f1xx_it.o
 .debug_line    0x00005d10      0x583 ./Core/Src/sysmem.o
 .debug_line    0x00006293      0x79a ./Core/Src/system_stm32f1xx.o
 .debug_line    0x00006a2d       0x78 ./Core/Startup/startup_stm32f103rbtx.o
 .debug_line    0x00006aa5      0x9c7 ./Drivers/STM32F1xx_HAL_Driver/Src/stm32f1xx_hal.o
 .debug_line    0x0000746c      0xbb3 ./Drivers/STM32F1xx_HAL_Driver/Src/stm32f1xx_hal_cortex.o
 .debug_line    0x0000801f      0xe20 ./Drivers/STM32F1xx_HAL_Driver/Src/stm32f1xx_hal_dma.o
 .debug_line    0x00008e3f      0xa60 ./Drivers/STM32F1xx_HAL_Driver/Src/stm32f1xx_hal_gpio.o
 .debug_line    0x0000989f     0x3c64 ./Drivers/STM32F1xx_HAL_Driver/Src/stm32f1xx_hal_i2c.o
 .debug_line    0x0000d503      0xdd0 ./Drivers/STM32F1xx_HAL_Driver/Src/stm32f1xx_hal_rcc.o
 .debug_line    0x0000e2d3     0x34ec ./Drivers/STM32F1xx_HAL_Driver/Src/stm32f1xx_hal_tim.o
 .debug_line    0x000117bf     0x1916 ./Drivers/STM32F1xx_HAL_Driver/Src/stm32f1xx_hal_tim_ex.o
 .debug_line    0x000130d5     0x28a6 ./Drivers/STM32F1xx_HAL_Driver/Src/stm32f1xx_hal_uart.o

.debug_str      0x00000000    0x8d2da
 .debug_str     0x00000000    0x84d93 ./Core/Src/button.o
                              0x850d1 (size before relaxing)
 .debug_str     0x00084d93     0x3f54 ./Core/Src/fsm_automatic.o
                              0x88f83 (size before relaxing)
 .debug_str     0x00088ce7       0x37 ./Core/Src/fsm_manual.o
                              0x88b09 (size before relaxing)
 .debug_str     0x00088d1e       0x6e ./Core/Src/fsm_setting.o
                              0x88bcc (size before relaxing)
 .debug_str     0x00088d8c       0xaa ./Core/Src/global.o
                              0x88c1c (size before relaxing)
 .debug_str     0x00088e36      0x2c4 ./Core/Src/i2c-lcd.o
                              0x854b4 (size before relaxing)
 .debug_str     0x000890fa      0x61c ./Core/Src/main.o
                              0x898cc (size before relaxing)
 .debug_str     0x00089716       0xe6 ./Core/Src/scheduler.o
                              0x85216 (size before relaxing)
 .debug_str     0x000897fc      0x395 ./Core/Src/stm32f1xx_hal_msp.o
                              0x85d24 (size before relaxing)
 .debug_str     0x00089b91      0x112 ./Core/Src/stm32f1xx_it.o
                              0x8572f (size before relaxing)
 .debug_str     0x00089ca3      0x4dc ./Core/Src/sysmem.o
                               0x6076 (size before relaxing)
 .debug_str     0x0008a17f       0x7e ./Core/Src/system_stm32f1xx.o
                              0x85004 (size before relaxing)
 .debug_str     0x0008a1fd       0x44 ./Core/Startup/startup_stm32f103rbtx.o
                                 0x81 (size before relaxing)
 .debug_str     0x0008a241      0x384 ./Drivers/STM32F1xx_HAL_Driver/Src/stm32f1xx_hal.o
                              0x85737 (size before relaxing)
 .debug_str     0x0008a5c5      0x294 ./Drivers/STM32F1xx_HAL_Driver/Src/stm32f1xx_hal_cortex.o
                              0x85683 (size before relaxing)
 .debug_str     0x0008a859      0x235 ./Drivers/STM32F1xx_HAL_Driver/Src/stm32f1xx_hal_dma.o
                              0x853ad (size before relaxing)
 .debug_str     0x0008aa8e      0x2bd ./Drivers/STM32F1xx_HAL_Driver/Src/stm32f1xx_hal_gpio.o
                              0x8538a (size before relaxing)
 .debug_str     0x0008ad4b      0xb90 ./Drivers/STM32F1xx_HAL_Driver/Src/stm32f1xx_hal_i2c.o
                              0x860cb (size before relaxing)
 .debug_str     0x0008b8db      0x209 ./Drivers/STM32F1xx_HAL_Driver/Src/stm32f1xx_hal_rcc.o
                              0x85433 (size before relaxing)
 .debug_str     0x0008bae4      0xdad ./Drivers/STM32F1xx_HAL_Driver/Src/stm32f1xx_hal_tim.o
                              0x86435 (size before relaxing)
 .debug_str     0x0008c891      0x493 ./Drivers/STM32F1xx_HAL_Driver/Src/stm32f1xx_hal_tim_ex.o
                              0x85c41 (size before relaxing)
 .debug_str     0x0008cd24      0x5b6 ./Drivers/STM32F1xx_HAL_Driver/Src/stm32f1xx_hal_uart.o
                              0x85aa4 (size before relaxing)

.comment        0x00000000       0x43
 .comment       0x00000000       0x43 ./Core/Src/button.o
                                 0x44 (size before relaxing)
 .comment       0x00000043       0x44 ./Core/Src/fsm_automatic.o
 .comment       0x00000043       0x44 ./Core/Src/fsm_manual.o
 .comment       0x00000043       0x44 ./Core/Src/fsm_setting.o
 .comment       0x00000043       0x44 ./Core/Src/global.o
 .comment       0x00000043       0x44 ./Core/Src/i2c-lcd.o
 .comment       0x00000043       0x44 ./Core/Src/main.o
 .comment       0x00000043       0x44 ./Core/Src/scheduler.o
 .comment       0x00000043       0x44 ./Core/Src/stm32f1xx_hal_msp.o
 .comment       0x00000043       0x44 ./Core/Src/stm32f1xx_it.o
 .comment       0x00000043       0x44 ./Core/Src/sysmem.o
 .comment       0x00000043       0x44 ./Core/Src/system_stm32f1xx.o
 .comment       0x00000043       0x44 ./Drivers/STM32F1xx_HAL_Driver/Src/stm32f1xx_hal.o
 .comment       0x00000043       0x44 ./Drivers/STM32F1xx_HAL_Driver/Src/stm32f1xx_hal_cortex.o
 .comment       0x00000043       0x44 ./Drivers/STM32F1xx_HAL_Driver/Src/stm32f1xx_hal_dma.o
 .comment       0x00000043       0x44 ./Drivers/STM32F1xx_HAL_Driver/Src/stm32f1xx_hal_gpio.o
 .comment       0x00000043       0x44 ./Drivers/STM32F1xx_HAL_Driver/Src/stm32f1xx_hal_i2c.o
 .comment       0x00000043       0x44 ./Drivers/STM32F1xx_HAL_Driver/Src/stm32f1xx_hal_rcc.o
 .comment       0x00000043       0x44 ./Drivers/STM32F1xx_HAL_Driver/Src/stm32f1xx_hal_tim.o
 .comment       0x00000043       0x44 ./Drivers/STM32F1xx_HAL_Driver/Src/stm32f1xx_hal_tim_ex.o
 .comment       0x00000043       0x44 ./Drivers/STM32F1xx_HAL_Driver/Src/stm32f1xx_hal_uart.o

.debug_frame    0x00000000     0x4904
 .debug_frame   0x00000000       0xac ./Core/Src/button.o
 .debug_frame   0x000000ac       0x38 ./Core/Src/fsm_automatic.o
 .debug_frame   0x000000e4       0x38 ./Core/Src/fsm_manual.o
 .debug_frame   0x0000011c       0x38 ./Core/Src/fsm_setting.o
 .debug_frame   0x00000154      0x14c ./Core/Src/global.o
 .debug_frame   0x000002a0       0xd8 ./Core/Src/i2c-lcd.o
 .debug_frame   0x00000378      0x130 ./Core/Src/main.o
 .debug_frame   0x000004a8      0x110 ./Core/Src/scheduler.o
 .debug_frame   0x000005b8      0x110 ./Core/Src/stm32f1xx_hal_msp.o
 .debug_frame   0x000006c8      0x13c ./Core/Src/stm32f1xx_it.o
 .debug_frame   0x00000804       0x34 ./Core/Src/sysmem.o
 .debug_frame   0x00000838       0x58 ./Core/Src/system_stm32f1xx.o
 .debug_frame   0x00000890      0x334 ./Drivers/STM32F1xx_HAL_Driver/Src/stm32f1xx_hal.o
 .debug_frame   0x00000bc4      0x428 ./Drivers/STM32F1xx_HAL_Driver/Src/stm32f1xx_hal_cortex.o
 .debug_frame   0x00000fec      0x208 ./Drivers/STM32F1xx_HAL_Driver/Src/stm32f1xx_hal_dma.o
 .debug_frame   0x000011f4      0x14c ./Drivers/STM32F1xx_HAL_Driver/Src/stm32f1xx_hal_gpio.o
 .debug_frame   0x00001340      0xc84 ./Drivers/STM32F1xx_HAL_Driver/Src/stm32f1xx_hal_i2c.o
 .debug_frame   0x00001fc4      0x218 ./Drivers/STM32F1xx_HAL_Driver/Src/stm32f1xx_hal_rcc.o
 .debug_frame   0x000021dc     0x11b8 ./Drivers/STM32F1xx_HAL_Driver/Src/stm32f1xx_hal_tim.o
 .debug_frame   0x00003394      0x638 ./Drivers/STM32F1xx_HAL_Driver/Src/stm32f1xx_hal_tim_ex.o
 .debug_frame   0x000039cc      0x944 ./Drivers/STM32F1xx_HAL_Driver/Src/stm32f1xx_hal_uart.o
 .debug_frame   0x00004310      0x144 E:/ST/STM32CubeIDE_1.16.0/STM32CubeIDE/plugins/com.st.stm32cube.ide.mcu.externaltools.gnu-tools-for-stm32.12.3.rel1.win32_1.0.200.202406191623/tools/bin/../lib/gcc/arm-none-eabi/12.3.1/../../../../arm-none-eabi/lib/thumb/v7-m/nofp\libc_nano.a(libc_a-findfp.o)
 .debug_frame   0x00004454       0x6c E:/ST/STM32CubeIDE_1.16.0/STM32CubeIDE/plugins/com.st.stm32cube.ide.mcu.externaltools.gnu-tools-for-stm32.12.3.rel1.win32_1.0.200.202406191623/tools/bin/../lib/gcc/arm-none-eabi/12.3.1/../../../../arm-none-eabi/lib/thumb/v7-m/nofp\libc_nano.a(libc_a-sprintf.o)
 .debug_frame   0x000044c0       0x20 E:/ST/STM32CubeIDE_1.16.0/STM32CubeIDE/plugins/com.st.stm32cube.ide.mcu.externaltools.gnu-tools-for-stm32.12.3.rel1.win32_1.0.200.202406191623/tools/bin/../lib/gcc/arm-none-eabi/12.3.1/../../../../arm-none-eabi/lib/thumb/v7-m/nofp\libc_nano.a(libc_a-memset.o)
 .debug_frame   0x000044e0       0x28 E:/ST/STM32CubeIDE_1.16.0/STM32CubeIDE/plugins/com.st.stm32cube.ide.mcu.externaltools.gnu-tools-for-stm32.12.3.rel1.win32_1.0.200.202406191623/tools/bin/../lib/gcc/arm-none-eabi/12.3.1/../../../../arm-none-eabi/lib/thumb/v7-m/nofp\libc_nano.a(libc_a-strcat.o)
 .debug_frame   0x00004508       0x38 E:/ST/STM32CubeIDE_1.16.0/STM32CubeIDE/plugins/com.st.stm32cube.ide.mcu.externaltools.gnu-tools-for-stm32.12.3.rel1.win32_1.0.200.202406191623/tools/bin/../lib/gcc/arm-none-eabi/12.3.1/../../../../arm-none-eabi/lib/thumb/v7-m/nofp\libc_nano.a(libc_a-reent.o)
 .debug_frame   0x00004540       0x20 E:/ST/STM32CubeIDE_1.16.0/STM32CubeIDE/plugins/com.st.stm32cube.ide.mcu.externaltools.gnu-tools-for-stm32.12.3.rel1.win32_1.0.200.202406191623/tools/bin/../lib/gcc/arm-none-eabi/12.3.1/../../../../arm-none-eabi/lib/thumb/v7-m/nofp\libc_nano.a(libc_a-errno.o)
 .debug_frame   0x00004560       0x2c E:/ST/STM32CubeIDE_1.16.0/STM32CubeIDE/plugins/com.st.stm32cube.ide.mcu.externaltools.gnu-tools-for-stm32.12.3.rel1.win32_1.0.200.202406191623/tools/bin/../lib/gcc/arm-none-eabi/12.3.1/../../../../arm-none-eabi/lib/thumb/v7-m/nofp\libc_nano.a(libc_a-init.o)
 .debug_frame   0x0000458c       0xb0 E:/ST/STM32CubeIDE_1.16.0/STM32CubeIDE/plugins/com.st.stm32cube.ide.mcu.externaltools.gnu-tools-for-stm32.12.3.rel1.win32_1.0.200.202406191623/tools/bin/../lib/gcc/arm-none-eabi/12.3.1/../../../../arm-none-eabi/lib/thumb/v7-m/nofp\libc_nano.a(libc_a-lock.o)
 .debug_frame   0x0000463c       0x20 E:/ST/STM32CubeIDE_1.16.0/STM32CubeIDE/plugins/com.st.stm32cube.ide.mcu.externaltools.gnu-tools-for-stm32.12.3.rel1.win32_1.0.200.202406191623/tools/bin/../lib/gcc/arm-none-eabi/12.3.1/../../../../arm-none-eabi/lib/thumb/v7-m/nofp\libc_nano.a(libc_a-strcmp.o)
 .debug_frame   0x0000465c       0x38 E:/ST/STM32CubeIDE_1.16.0/STM32CubeIDE/plugins/com.st.stm32cube.ide.mcu.externaltools.gnu-tools-for-stm32.12.3.rel1.win32_1.0.200.202406191623/tools/bin/../lib/gcc/arm-none-eabi/12.3.1/../../../../arm-none-eabi/lib/thumb/v7-m/nofp\libc_nano.a(libc_a-freer.o)
 .debug_frame   0x00004694       0x50 E:/ST/STM32CubeIDE_1.16.0/STM32CubeIDE/plugins/com.st.stm32cube.ide.mcu.externaltools.gnu-tools-for-stm32.12.3.rel1.win32_1.0.200.202406191623/tools/bin/../lib/gcc/arm-none-eabi/12.3.1/../../../../arm-none-eabi/lib/thumb/v7-m/nofp\libc_nano.a(libc_a-mallocr.o)
 .debug_frame   0x000046e4       0x30 E:/ST/STM32CubeIDE_1.16.0/STM32CubeIDE/plugins/com.st.stm32cube.ide.mcu.externaltools.gnu-tools-for-stm32.12.3.rel1.win32_1.0.200.202406191623/tools/bin/../lib/gcc/arm-none-eabi/12.3.1/../../../../arm-none-eabi/lib/thumb/v7-m/nofp\libc_nano.a(libc_a-mlock.o)
 .debug_frame   0x00004714       0x90 E:/ST/STM32CubeIDE_1.16.0/STM32CubeIDE/plugins/com.st.stm32cube.ide.mcu.externaltools.gnu-tools-for-stm32.12.3.rel1.win32_1.0.200.202406191623/tools/bin/../lib/gcc/arm-none-eabi/12.3.1/../../../../arm-none-eabi/lib/thumb/v7-m/nofp\libc_nano.a(libc_a-nano-svfprintf.o)
 .debug_frame   0x000047a4       0x60 E:/ST/STM32CubeIDE_1.16.0/STM32CubeIDE/plugins/com.st.stm32cube.ide.mcu.externaltools.gnu-tools-for-stm32.12.3.rel1.win32_1.0.200.202406191623/tools/bin/../lib/gcc/arm-none-eabi/12.3.1/../../../../arm-none-eabi/lib/thumb/v7-m/nofp\libc_nano.a(libc_a-nano-vfprintf_i.o)
 .debug_frame   0x00004804       0x28 E:/ST/STM32CubeIDE_1.16.0/STM32CubeIDE/plugins/com.st.stm32cube.ide.mcu.externaltools.gnu-tools-for-stm32.12.3.rel1.win32_1.0.200.202406191623/tools/bin/../lib/gcc/arm-none-eabi/12.3.1/../../../../arm-none-eabi/lib/thumb/v7-m/nofp\libc_nano.a(libc_a-memmove.o)
 .debug_frame   0x0000482c       0x2c E:/ST/STM32CubeIDE_1.16.0/STM32CubeIDE/plugins/com.st.stm32cube.ide.mcu.externaltools.gnu-tools-for-stm32.12.3.rel1.win32_1.0.200.202406191623/tools/bin/../lib/gcc/arm-none-eabi/12.3.1/../../../../arm-none-eabi/lib/thumb/v7-m/nofp\libc_nano.a(libc_a-sbrkr.o)
 .debug_frame   0x00004858       0x28 E:/ST/STM32CubeIDE_1.16.0/STM32CubeIDE/plugins/com.st.stm32cube.ide.mcu.externaltools.gnu-tools-for-stm32.12.3.rel1.win32_1.0.200.202406191623/tools/bin/../lib/gcc/arm-none-eabi/12.3.1/../../../../arm-none-eabi/lib/thumb/v7-m/nofp\libc_nano.a(libc_a-memchr-stub.o)
 .debug_frame   0x00004880       0x28 E:/ST/STM32CubeIDE_1.16.0/STM32CubeIDE/plugins/com.st.stm32cube.ide.mcu.externaltools.gnu-tools-for-stm32.12.3.rel1.win32_1.0.200.202406191623/tools/bin/../lib/gcc/arm-none-eabi/12.3.1/../../../../arm-none-eabi/lib/thumb/v7-m/nofp\libc_nano.a(libc_a-memcpy-stub.o)
 .debug_frame   0x000048a8       0x3c E:/ST/STM32CubeIDE_1.16.0/STM32CubeIDE/plugins/com.st.stm32cube.ide.mcu.externaltools.gnu-tools-for-stm32.12.3.rel1.win32_1.0.200.202406191623/tools/bin/../lib/gcc/arm-none-eabi/12.3.1/../../../../arm-none-eabi/lib/thumb/v7-m/nofp\libc_nano.a(libc_a-reallocr.o)
 .debug_frame   0x000048e4       0x20 E:/ST/STM32CubeIDE_1.16.0/STM32CubeIDE/plugins/com.st.stm32cube.ide.mcu.externaltools.gnu-tools-for-stm32.12.3.rel1.win32_1.0.200.202406191623/tools/bin/../lib/gcc/arm-none-eabi/12.3.1/../../../../arm-none-eabi/lib/thumb/v7-m/nofp\libc_nano.a(libc_a-msizer.o)

.debug_line_str
                0x00000000       0x65
 .debug_line_str
                0x00000000       0x65 ./Core/Startup/startup_stm32f103rbtx.o
